Microchip MPLAB XC8 Compiler V1.33 ()

Linker command line:

-W-1 --edf=C:\Program Files (x86)\Microchip\xc8\v1.33\dat\en_msgs.txt -cs \
  -h+master.sym --cmf=master.cmf -z -Q18F6722 \
  -oC:\Users\MICHAE~1\AppData\Local\Temp\sb8o.6 -Mmaster.map -E1 -ver=XC8 \
  -ASTACK=0A37h-0f5fh -pstack=STACK -ACODE=00h-01FFFFh -ACONST=00h-01FFFFh \
  -ASMALLCONST=01000h-010FFhx496 \
  -AMEDIUMCONST=01000h-0FFFFh,011000h-01FFFFh -ACOMRAM=01h-05Fh \
  -AABS1=00h-0F5Fh -ABIGRAM=01h-0F5Fh \
  -ARAM=060h-0FFh,0100h-01FFhx14,0F00h-0F5Fh -ABANK0=060h-0FFh \
  -ABANK1=0100h-01FFh -ABANK2=0200h-02FFh -ABANK3=0300h-03FFh \
  -ABANK4=0400h-04FFh -ABANK5=0500h-05FFh -ABANK6=0600h-06FFh \
  -ABANK7=0700h-07FFh -ABANK8=0800h-08FFh -ABANK9=0900h-09FFh \
  -ABANK10=0A00h-0AFFh -ABANK11=0B00h-0BFFh -ABANK12=0C00h-0CFFh \
  -ABANK13=0D00h-0DFFh -ABANK14=0E00h-0EFFh -ABANK15=0F00h-0F5Fh \
  -ASFR=0F60h-0FFFh \
  -preset_vec=00h,intcode=08h,intcodelo,powerup,init,end_init \
  -pramtop=01000h -psmallconst=SMALLCONST -pmediumconst=MEDIUMCONST \
  -pconst=CONST -AFARRAM=00h-00h -ACONFIG=0300000h-030000Dh -pconfig=CONFIG \
  -AIDLOC=0200000h-0200007h -pidloc=IDLOC -AEEDATA=0F00000h-0F003FFh \
  -peeprom_data=EEDATA \
  -prdata=COMRAM,nvrram=COMRAM,nvbit=COMRAM,rbss=COMRAM,rbit=COMRAM \
  -pfarbss=FARRAM,fardata=FARRAM,nvFARRAM=FARRAM \
  -pintsave_regs=BIGRAM,bigbss=BIGRAM,bigdata=BIGRAM -pbss=RAM \
  -pidata=CODE,irdata=CODE,ibigdata=CODE,ifardata=CODE \
  C:\Users\MICHAE~1\AppData\Local\Temp\sb8o.obj master.obj 

Object code version is 3.11

Machine type is 18F6722

Call graph: (short form)




                Name                               Link     Load   Length Selector   Space Scale
C:\Users\MICHAE~1\AppData\Local\Temp\sb8o.obj
                end_init                             18       18        4        4       0
                reset_vec                             0        0        4        0       0
                config                           300000   300000        A   300000       0
master.obj      intcode                               8        8       10        4       0
                mediumconst                        BEB2     BEB2     414E     5F59       0
                text185                            1EE6     1EE6       14        4       0
                text184                            1ED2     1ED2       14        4       0
                text183                            1E50     1E50       1A        4       0
                text182                            1A66     1A66       34        4       0
                text181                            17C2     17C2       3C        4       0
                text180                            1E80     1E80       16        4       0
                text179                            1706     1706       40        4       0
                text178                            1920     1920       3A        4       0
                text177                           19164    19164      688     8000       0
                text176                            18E6     18E6       3A        4       0
                text175                           1F732    1F732       FA     8000       0
                text174                            18AC     18AC       3A        4       0
                text173                           19E72    19E72      66A     8000       0
                intcode_body                      1E9FC    1E9FC      148     8000       0
                text171                            1308     1308       4A        4       0
                text170                           1CF96    1CF96      214     8000       0
                text169                            1F94     1F94        2        4       0
                text168                           17346    17346      7F4     8000       0
                text167                           17B3A    17B3A      7DA     8000       0
                text166                            1A32     1A32       34        4       0
                text165                            16C6     16C6       40        4       0
                text164                            1EBE     1EBE       14        4       0
                text163                            1F36     1F36        E        4       0
                text162                            1DE4     1DE4       1E        4       0
                text161                           1E486    1E486      168     8000       0
                text160                            1F28     1F28        E        4       0
                text159                            1872     1872       3A        4       0
                text158                            1686     1686       40        4       0
                text157                            1838     1838       3A        4       0
                text156                            1646     1646       40        4       0
                text155                            17FE     17FE       3A        4       0
                text154                            1606     1606       40        4       0
                text153                            10F4     10F4       56        4       0
                text152                             5C0      5C0       8E        4       0
                text151                            19FE     19FE       34        4       0
                text150                            1F0A     1F0A       10        4       0
                text149                           1F42A    1F42A      104     8000       0
                text148                            1C6E     1C6E       26        4       0
                text147                           1FF1C    1FF1C       CC     8000       0
                text146                           1D1AA    1D1AA      1EE     8000       0
                text145                             ED0      ED0       60        4       0
                text144                             DA8      DA8       66        4       0
                text143                            1EAA     1EAA       14        4       0
                text142                            1544     1544       42        4       0
                text141                            1DA6     1DA6       20        4       0
                text140                            1D64     1D64       22        4       0
                text139                            1D42     1D42       22        4       0
                text138                            142A     142A       48        4       0
                text137                            1DC6     1DC6       1E        4       0
                text136                            1C48     1C48       26        4       0
                text135                            1C22     1C22       26        4       0
                text134                            1E36     1E36       1A        4       0
                text133                            1E1C     1E1C       1A        4       0
                text132                            1D20     1D20       22        4       0
                text131                            1E02     1E02       1A        4       0
                text130                            1F76     1F76        6        4       0
                text129                            1CB8     1CB8       24        4       0
                text128                            1CFE     1CFE       22        4       0
                text127                             4A0      4A0       92        4       0
                text126                            19C8     19C8       36        4       0
                text125                            1C94     1C94       24        4       0
                text124                            1B54     1B54       2E        4       0
                text123                           1DAE2    1DAE2      1B0     8000       0
                text122                           1B8C0    1B8C0      488     8000       0
                text121                            12BE     12BE       4A        4       0
                text120                             370      370       9C        4       0
                text119                             980      980       82        4       0
                text118                            13E2     13E2       48        4       0
                text117                            1F70     1F70        6        4       0
                text116                           1F326    1F326      104     8000       0
                text115                           18AD2    18AD2      692     8000       0
                text114                             BEA      BEA       74        4       0
                text113                           1AA32    1AA32      4E0     8000       0
                text112                             CD0      CD0       72        4       0
                text111                            1F92     1F92        2        4       0
                text110                           1EC82    1EC82      13E     8000       0
                text109                           1FA08    1FA08       E8     8000       0
                text108                           1EEE6    1EEE6      122     8000       0
                text107                             C5E      C5E       72        4       0
                text106                           197EC    197EC      686     8000       0
                text105                           1AF12    1AF12      4DE     8000       0
                text104                           1F920    1F920       E8     8000       0
                text103                           16898    16898      AAE     8000       0
                text102                             B74      B74       76        4       0
                text101                            1F90     1F90        2        4       0
                text100                           1F21E    1F21E      108     8000       0
                text99                             109E     109E       56        4       0
                text98                             1EFA     1EFA       10        4       0
                text97                              7F2      7F2       88        4       0
                text96                             1CDC     1CDC       22        4       0
                text95                             1274     1274       4A        4       0
                text94                             122A     122A       4A        4       0
                text93                             1F8E     1F8E        2        4       0
                text92                             1F8C     1F8C        2        4       0
                text91                             1784     1784       3E        4       0
                text90                              22E      22E       A2        4       0
                text89                             139A     139A       48        4       0
                text88                              D42      D42       66        4       0
                text87                              FE8      FE8       5C        4       0
                text86                            1F008    1F008      10C     8000       0
                text85                             14FE     14FE       46        4       0
                text84                            1F630    1F630      102     8000       0
                text83                             1B26     1B26       2E        4       0
                text82                              766      766       8C        4       0
                text81                             1F6A     1F6A        6        4       0
                text80                             1F64     1F64        6        4       0
                text79                             1F84     1F84        4        4       0
                text78                             1F80     1F80        4        4       0
                text77                             1F7C     1F7C        4        4       0
                text76                             1F5E     1F5E        6        4       0
                text75                             1F58     1F58        6        4       0
                text74                             1F52     1F52        6        4       0
                text73                             1F4C     1F4C        6        4       0
                text72                            1D924    1D924      1BE     8000       0
                text71                            1D398    1D398      1E8     8000       0
                text70                              6DA      6DA       8C        4       0
                text69                             1B82     1B82       2A        4       0
                text68                               1C       1C       B6        4       0
                text67                            1E754    1E754      158     8000       0
                text66                              182      182       AC        4       0
                text65                             195A     195A       38        4       0
                text64                             1E96     1E96       14        4       0
                text63                            1C366    1C366      2A6     8000       0
                text62                              A82      A82       7A        4       0
                text61                            1CB12    1CB12      248     8000       0
                text60                             15C6     15C6       40        4       0
                text59                             1586     1586       40        4       0
                text58                            1D580    1D580      1E2     8000       0
                text57                               D2       D2       B0        4       0
                text56                             1F1A     1F1A        E        4       0
                text55                             1F44     1F44        8        4       0
                text54                            1E8AC    1E8AC      150     8000       0
                text53                            1F82C    1F82C       F4     8000       0
                text52                              64E      64E       8C        4       0
                text51                             1F8A     1F8A        2        4       0
                text50                            1E5EE    1E5EE      166     8000       0
                text49                             1746     1746       3E        4       0
                text48                              2D0      2D0       A0        4       0
                text47                             14B8     14B8       46        4       0
                text46                             1AF8     1AF8       2E        4       0
                text45                            1FE4E    1FE4E       CE     8000       0
                text44                            1FD80    1FD80       CE     8000       0
                text43                            1FCB2    1FCB2       CE     8000       0
                text42                             11E0     11E0       4A        4       0
                text41                             1352     1352       48        4       0
                text40                            1D762    1D762      1C2     8000       0
                text39                              40C      40C       94        4       0
                text38                              87A      87A       84        4       0
                text37                              E70      E70       60        4       0
                text36                            1E176    1E176      18A     8000       0
                text35                              8FE      8FE       82        4       0
                text34                             1472     1472       46        4       0
                text33                            158A6    158A6      FF2     8000       0
                text32                             1992     1992       36        4       0
                text31                            1E300    1E300      186     8000       0
                text30                            1DC92    1DC92      1AE     8000       0
                text29                            1F52E    1F52E      102     8000       0
                text28                             1196     1196       4A        4       0
                text27                             114A     114A       4C        4       0
                text26                             1E6A     1E6A       16        4       0
                text25                              A02      A02       80        4       0
                text24                            1EDC0    1EDC0      126     8000       0
                text23                            1C8B0    1C8B0      262     8000       0
                text22                            1FFE8    1FFE8       16     8000       0
                text21                             1BD4     1BD4       28        4       0
                text20                            1FAF0    1FAF0       E6     8000       0
                text19                              532      532       8E        4       0
                text18                             1BFC     1BFC       26        4       0
                text17                            1C0A2    1C0A2      2C4     8000       0
                text16                            1F114    1F114      10A     8000       0
                text15                            1C60C    1C60C      2A4     8000       0
                text14                            1DFDC    1DFDC      19A     8000       0
                text13                            1A4DC    1A4DC      556     8000       0
                text12                            1BD48    1BD48      35A     8000       0
                text11                            18314    18314      7BE     8000       0
                text10                             1F88     1F88        2        4       0
                text9                             1CD5A    1CD5A      23C     8000       0
                text8                             1DE40    1DE40      19C     8000       0
                text7                             14184    14184     1722     8000       0
                text6                               F8C      F8C       5C        4       0
                text5                              1D86     1D86       20        4       0
                text4                               E0E      E0E       62        4       0
                text3                              1ACA     1ACA       2E        4       0
                text2                             1B3F0    1B3F0      4D0     8000       0
                text1                              1044     1044       5A        4       0
                text0                             10000    10000     4184     8000       0
                cstackCOMRAM                         22       22       20        1       1
                cstackBANK0                          60       60       74       60       1
                cstackBANK1                         1BF      1BF       2C      100       1
                cstackBANK10                        A00      A00       37      A00       1
                bssBANK9                            900      900       D0      900       1
                dataBANK8                           880      880       5C      800       1
                bssBANK8                            800      800       80      800       1
                dataBANK7                           7D0      7D0       30      700       1
                bssBANK7                            700      700       D0      700       1
                dataBANK6                           600      600       DC      600       1
                dataBANK5                           580      580       78      500       1
                bssBANK5                            500      500       80      500       1
                dataBANK4                           4D8      4D8       28      400       1
                bssBANK4                            400      400       D8      400       1
                bssBANK3                            300      300       F3      300       1
                bssBANK2                            200      200      100      200       1
                dataBANK1                           1F4      1F4        2      100       1
                bssBANK1                            100      100       BF      100       1
                bssBANK0                             D4       D4       26       60       1
                bssCOMRAM                             1        1       21        1       1
                cinit                             1EB44    1EB44      13E     8000       0
                nvBANK1                             1EB      1EB        9      100       1
                idataBANK8                          F30      F30       5C        4       0
                idataBANK7                         1A9A     1A9A       30        4       0
                idataBANK6                        1FBD6    1FBD6       DC     8000       0
                idataBANK5                          AFC      AFC       78        4       0
                idataBANK4                         1BAC     1BAC       28        4       0
                idataBANK1                        1FFFE    1FFFE        2     8000       0

TOTAL           Name                               Link     Load   Length     Space
        CLASS   STACK          

        CLASS   CODE           
                end_init                             18       18        4         0
                intcode                               8        8       10         0
                reset_vec                             0        0        4         0
                text185                            1EE6     1EE6       14         0
                text184                            1ED2     1ED2       14         0
                text183                            1E50     1E50       1A         0
                text182                            1A66     1A66       34         0
                text181                            17C2     17C2       3C         0
                text180                            1E80     1E80       16         0
                text179                            1706     1706       40         0
                text178                            1920     1920       3A         0
                text177                           19164    19164      688         0
                text176                            18E6     18E6       3A         0
                text175                           1F732    1F732       FA         0
                text174                            18AC     18AC       3A         0
                text173                           19E72    19E72      66A         0
                intcode_body                      1E9FC    1E9FC      148         0
                text171                            1308     1308       4A         0
                text170                           1CF96    1CF96      214         0
                text169                            1F94     1F94        2         0
                text168                           17346    17346      7F4         0
                text167                           17B3A    17B3A      7DA         0
                text166                            1A32     1A32       34         0
                text165                            16C6     16C6       40         0
                text164                            1EBE     1EBE       14         0
                text163                            1F36     1F36        E         0
                text162                            1DE4     1DE4       1E         0
                text161                           1E486    1E486      168         0
                text160                            1F28     1F28        E         0
                text159                            1872     1872       3A         0
                text158                            1686     1686       40         0
                text157                            1838     1838       3A         0
                text156                            1646     1646       40         0
                text155                            17FE     17FE       3A         0
                text154                            1606     1606       40         0
                text153                            10F4     10F4       56         0
                text152                             5C0      5C0       8E         0
                text151                            19FE     19FE       34         0
                text150                            1F0A     1F0A       10         0
                text149                           1F42A    1F42A      104         0
                text148                            1C6E     1C6E       26         0
                text147                           1FF1C    1FF1C       CC         0
                text146                           1D1AA    1D1AA      1EE         0
                text145                             ED0      ED0       60         0
                text144                             DA8      DA8       66         0
                text143                            1EAA     1EAA       14         0
                text142                            1544     1544       42         0
                text141                            1DA6     1DA6       20         0
                text140                            1D64     1D64       22         0
                text139                            1D42     1D42       22         0
                text138                            142A     142A       48         0
                text137                            1DC6     1DC6       1E         0
                text136                            1C48     1C48       26         0
                text135                            1C22     1C22       26         0
                text134                            1E36     1E36       1A         0
                text133                            1E1C     1E1C       1A         0
                text132                            1D20     1D20       22         0
                text131                            1E02     1E02       1A         0
                text130                            1F76     1F76        6         0
                text129                            1CB8     1CB8       24         0
                text128                            1CFE     1CFE       22         0
                text127                             4A0      4A0       92         0
                text126                            19C8     19C8       36         0
                text125                            1C94     1C94       24         0
                text124                            1B54     1B54       2E         0
                text123                           1DAE2    1DAE2      1B0         0
                text122                           1B8C0    1B8C0      488         0
                text121                            12BE     12BE       4A         0
                text120                             370      370       9C         0
                text119                             980      980       82         0
                text118                            13E2     13E2       48         0
                text117                            1F70     1F70        6         0
                text116                           1F326    1F326      104         0
                text115                           18AD2    18AD2      692         0
                text114                             BEA      BEA       74         0
                text113                           1AA32    1AA32      4E0         0
                text112                             CD0      CD0       72         0
                text111                            1F92     1F92        2         0
                text110                           1EC82    1EC82      13E         0
                text109                           1FA08    1FA08       E8         0
                text108                           1EEE6    1EEE6      122         0
                text107                             C5E      C5E       72         0
                text106                           197EC    197EC      686         0
                text105                           1AF12    1AF12      4DE         0
                text104                           1F920    1F920       E8         0
                text103                           16898    16898      AAE         0
                text102                             B74      B74       76         0
                text101                            1F90     1F90        2         0
                text100                           1F21E    1F21E      108         0
                text99                             109E     109E       56         0
                text98                             1EFA     1EFA       10         0
                text97                              7F2      7F2       88         0
                text96                             1CDC     1CDC       22         0
                text95                             1274     1274       4A         0
                text94                             122A     122A       4A         0
                text93                             1F8E     1F8E        2         0
                text92                             1F8C     1F8C        2         0
                text91                             1784     1784       3E         0
                text90                              22E      22E       A2         0
                text89                             139A     139A       48         0
                text88                              D42      D42       66         0
                text87                              FE8      FE8       5C         0
                text86                            1F008    1F008      10C         0
                text85                             14FE     14FE       46         0
                text84                            1F630    1F630      102         0
                text83                             1B26     1B26       2E         0
                text82                              766      766       8C         0
                text81                             1F6A     1F6A        6         0
                text80                             1F64     1F64        6         0
                text79                             1F84     1F84        4         0
                text78                             1F80     1F80        4         0
                text77                             1F7C     1F7C        4         0
                text76                             1F5E     1F5E        6         0
                text75                             1F58     1F58        6         0
                text74                             1F52     1F52        6         0
                text73                             1F4C     1F4C        6         0
                text72                            1D924    1D924      1BE         0
                text71                            1D398    1D398      1E8         0
                text70                              6DA      6DA       8C         0
                text69                             1B82     1B82       2A         0
                text68                               1C       1C       B6         0
                text67                            1E754    1E754      158         0
                text66                              182      182       AC         0
                text65                             195A     195A       38         0
                text64                             1E96     1E96       14         0
                text63                            1C366    1C366      2A6         0
                text62                              A82      A82       7A         0
                text61                            1CB12    1CB12      248         0
                text60                             15C6     15C6       40         0
                text59                             1586     1586       40         0
                text58                            1D580    1D580      1E2         0
                text57                               D2       D2       B0         0
                text56                             1F1A     1F1A        E         0
                text55                             1F44     1F44        8         0
                text54                            1E8AC    1E8AC      150         0
                text53                            1F82C    1F82C       F4         0
                text52                              64E      64E       8C         0
                text51                             1F8A     1F8A        2         0
                text50                            1E5EE    1E5EE      166         0
                text49                             1746     1746       3E         0
                text48                              2D0      2D0       A0         0
                text47                             14B8     14B8       46         0
                text46                             1AF8     1AF8       2E         0
                text45                            1FE4E    1FE4E       CE         0
                text44                            1FD80    1FD80       CE         0
                text43                            1FCB2    1FCB2       CE         0
                text42                             11E0     11E0       4A         0
                text41                             1352     1352       48         0
                text40                            1D762    1D762      1C2         0
                text39                              40C      40C       94         0
                text38                              87A      87A       84         0
                text37                              E70      E70       60         0
                text36                            1E176    1E176      18A         0
                text35                              8FE      8FE       82         0
                text34                             1472     1472       46         0
                text33                            158A6    158A6      FF2         0
                text32                             1992     1992       36         0
                text31                            1E300    1E300      186         0
                text30                            1DC92    1DC92      1AE         0
                text29                            1F52E    1F52E      102         0
                text28                             1196     1196       4A         0
                text27                             114A     114A       4C         0
                text26                             1E6A     1E6A       16         0
                text25                              A02      A02       80         0
                text24                            1EDC0    1EDC0      126         0
                text23                            1C8B0    1C8B0      262         0
                text22                            1FFE8    1FFE8       16         0
                text21                             1BD4     1BD4       28         0
                text20                            1FAF0    1FAF0       E6         0
                text19                              532      532       8E         0
                text18                             1BFC     1BFC       26         0
                text17                            1C0A2    1C0A2      2C4         0
                text16                            1F114    1F114      10A         0
                text15                            1C60C    1C60C      2A4         0
                text14                            1DFDC    1DFDC      19A         0
                text13                            1A4DC    1A4DC      556         0
                text12                            1BD48    1BD48      35A         0
                text11                            18314    18314      7BE         0
                text10                             1F88     1F88        2         0
                text9                             1CD5A    1CD5A      23C         0
                text8                             1DE40    1DE40      19C         0
                text7                             14184    14184     1722         0
                text6                               F8C      F8C       5C         0
                text5                              1D86     1D86       20         0
                text4                               E0E      E0E       62         0
                text3                              1ACA     1ACA       2E         0
                text2                             1B3F0    1B3F0      4D0         0
                text1                              1044     1044       5A         0
                text0                             10000    10000     4184         0
                cinit                             1EB44    1EB44      13E         0
                idataBANK8                          F30      F30       5C         0
                idataBANK7                         1A9A     1A9A       30         0
                idataBANK6                        1FBD6    1FBD6       DC         0
                idataBANK5                          AFC      AFC       78         0
                idataBANK4                         1BAC     1BAC       28         0
                idataBANK1                        1FFFE    1FFFE        2         0

        CLASS   CONST          

        CLASS   SMALLCONST     

        CLASS   MEDIUMCONST    
                mediumconst                        BEB2     BEB2     414E         0

        CLASS   COMRAM         
                cstackCOMRAM                         22       22       20         1
                bssCOMRAM                             1        1       21         1

        CLASS   ABS1           

        CLASS   BIGRAM         

        CLASS   RAM            

        CLASS   BANK0          
                cstackBANK0                          60       60       74         1
                bssBANK0                             D4       D4       26         1

        CLASS   BANK1          
                cstackBANK1                         1BF      1BF       2C         1
                dataBANK1                           1F4      1F4        2         1
                bssBANK1                            100      100       BF         1
                nvBANK1                             1EB      1EB        9         1

        CLASS   BANK2          
                bssBANK2                            200      200      100         1

        CLASS   BANK3          
                bssBANK3                            300      300       F3         1

        CLASS   BANK4          
                dataBANK4                           4D8      4D8       28         1
                bssBANK4                            400      400       D8         1

        CLASS   BANK5          
                dataBANK5                           580      580       78         1
                bssBANK5                            500      500       80         1

        CLASS   BANK6          
                dataBANK6                           600      600       DC         1

        CLASS   BANK7          
                dataBANK7                           7D0      7D0       30         1
                bssBANK7                            700      700       D0         1

        CLASS   BANK8          
                dataBANK8                           880      880       5C         1
                bssBANK8                            800      800       80         1

        CLASS   BANK9          
                bssBANK9                            900      900       D0         1

        CLASS   BANK10         
                cstackBANK10                        A00      A00       37         1

        CLASS   BANK11         

        CLASS   BANK12         

        CLASS   BANK13         

        CLASS   BANK14         

        CLASS   BANK15         

        CLASS   SFR            

        CLASS   FARRAM         

        CLASS   CONFIG         
                config                           300000   300000        A         0

        CLASS   IDLOC          

        CLASS   EEDATA         



SEGMENTS        Name                           Load    Length   Top    Selector   Space  Class

                reset_vec                      000000  000004  000004         0       0  CODE    
                bssCOMRAM                      000001  000041  000042         1       1  COMRAM  
                intcode                        000008  001F8E  001F96         4       0  CODE    
                cstackBANK0                    000060  00009A  0000FA        60       1  BANK0   
                bssBANK1                       000100  0000F6  0001F6       100       1  BANK1   
                bssBANK2                       000200  000100  000300       200       1  BANK2   
                bssBANK3                       000300  0000F3  0003F3       300       1  BANK3   
                bssBANK4                       000400  000100  000500       400       1  BANK4   
                bssBANK5                       000500  0000F8  0005F8       500       1  BANK5   
                dataBANK6                      000600  0000DC  0006DC       600       1  BANK6   
                bssBANK7                       000700  000100  000800       700       1  BANK7   
                bssBANK8                       000800  0000DC  0008DC       800       1  BANK8   
                bssBANK9                       000900  0000D0  0009D0       900       1  BANK9   
                cstackBANK10                   000A00  000037  000A37       A00       1  BANK10  
                mediumconst                    00BEB2  00414E  010000      5F59       0  MEDIUMCO
                text0                          010000  010000  020000      8000       0  CODE    
                config                         300000  00000A  30000A    300000       0  CONFIG  


UNUSED ADDRESS RANGES

        Name                Unused          Largest block    Delta
        BANK0            0000FA-0000FF                6
        BANK1            0001F6-0001FF                A
        BANK10           000A37-000AFF               C9
        BANK11           000B00-000BFF              100
        BANK12           000C00-000CFF              100
        BANK13           000D00-000DFF              100
        BANK14           000E00-000EFF              100
        BANK15           000F00-000F5F               60
        BANK3            0003F3-0003FF                D
        BANK5            0005F8-0005FF                8
        BANK6            0006DC-0006FF               24
        BANK8            0008DC-0008FF               24
        BANK9            0009D0-0009FF               30
        BIGRAM           000042-00005F               1E
                         0000FA-0000FF                6
                         0001F6-0001FF                A
                         0003F3-0003FF                D
                         0005F8-0005FF                8
                         0006DC-0006FF               24
                         0008DC-0008FF               24
                         0009D0-0009FF               30
                         000A37-000F5F              529
        CODE             000004-000007                4
                         001F96-00BEB1             9F1C
        COMRAM           000042-00005F               1E
        CONFIG           30000A-30000D                4
        CONST            000004-000007                4
                         001F96-00BEB1             9F1C
        EEDATA           F00000-F003FF              400
        IDLOC            200000-200007                8
        MEDIUMCONST      001F96-00BEB1             9F1C
        RAM              0000FA-0000FF                6
                         0001F6-0001FF                A
                         0003F3-0003FF                D
                         0005F8-0005FF                8
                         0006DC-0006FF               24
                         0008DC-0008FF               24
                         0009D0-0009FF               30
                         000A37-000F5F              100
        SFR              000F60-000FFF               A0
        SMALLCONST       001F96-00BEB1              100
        STACK            000A37-000F5F              529

                                  Symbol Table

?_BatteryAverage                  cstackBANK0  000067
?_FeedPwm2Sec                     cstackBANK0  000060
?_GetMtrResponse                  cstackBANK0  000060
?_ReadCapture1                    cstackCOMRAM 000022
?_ReadCapture2                    cstackCOMRAM 000022
?_SpeedInRange                    cstackBANK0  000060
?___aldiv                         cstackBANK0  000060
?___awdiv                         cstackBANK0  000072
?___awmod                         cstackBANK0  000072
?___lldiv                         cstackBANK0  000060
?___lmul                          cstackBANK0  000060
?___lwdiv                         cstackBANK0  000060
?___lwmod                         cstackBANK0  000060
?___wmul                          cstackBANK0  000060
?_atoh                            cstackBANK0  000064
?_parse_next                      cstackBANK0  00007C
?_rand                            cstackBANK0  00006C
?_strchr                          cstackBANK0  000060
?_strlen                          cstackBANK0  000060
BatteryAverage@BatAvgVal          cstackBANK0  000073
BatteryAverage@i                  cstackBANK0  000075
BatteryAverage@j                  cstackBANK0  000071
BatteryAverage@maxVal             cstackBANK0  00006F
BatteryAverage@minVal             cstackBANK0  00006D
BatteryAverage@val                cstackBANK0  000067
BuildCmd@args                     cstackBANK0  000068
BuildCmd@checksum                 cstackBANK0  000073
BuildCmd@cnt                      cstackBANK0  000066
BuildCmd@code                     cstackBANK0  000064
BuildCmd@cptr                     cstackBANK0  000071
BuildCmd@i                        cstackBANK0  000074
BuildCmd@val                      cstackBANK0  00006D
CalcBotPwm@SpdDir                 cstackBANK0  00007A
CalcBotPwm@TooFast                cstackBANK0  000076
CalcBotPwm@abs_delta              cstackBANK0  000080
CalcBotPwm@abs_delta1             cstackBANK0  000082
CalcBotPwm@delta                  cstackBANK0  000084
CalcBotPwm@drift                  cstackBANK0  000086
CalcBotPwm@drift1                 cstackBANK0  00007C
CalcBotPwm@incr                   cstackBANK0  00007E
CalcBotPwm@ix                     cstackBANK0  000074
CalcBotPwm@rbot_last_delta        cstackBANK0  000072
CalcBotPwm@rbot_last_delta1       cstackBANK0  000078
CalcLimits@SpdLimit               cstackBANK0  00006A
CalcLimits@count                  cstackBANK0  000066
CalcLimits@i                      cstackBANK0  000070
CalcTopPwm@SpdDir                 cstackBANK0  000077
CalcTopPwm@TooFast                cstackBANK0  000073
CalcTopPwm@abs_delta              cstackBANK0  00007D
CalcTopPwm@abs_delta1             cstackBANK0  00007F
CalcTopPwm@delta                  cstackBANK0  000081
CalcTopPwm@drift                  cstackBANK0  000083
CalcTopPwm@drift1                 cstackBANK0  000079
CalcTopPwm@incr                   cstackBANK0  00007B
CalcTopPwm@ix                     cstackBANK0  000071
CalcTopPwm@rtop_last_delta        cstackBANK0  00006F
CalcTopPwm@rtop_last_delta1       cstackBANK0  000075
CheckBattery@val                  cstackBANK0  00007A
ChipDeSelect@dev                  cstackBANK0  000060
ChipReserve@dev                   cstackBANK0  000060
ChipSelect@dev                    cstackBANK0  000060
CurShot_diag@args                 cstackBANK0  000078
CurShot_diag@code                 cstackBANK0  000076
Delay10KTCYx@unit                 cstackBANK0  000061
Delay1KTCYx@unit                  cstackBANK0  000060
DisableSlaveSPI@c                 cstackBANK0  000077
DisableSlaveSPI@c1                cstackBANK0  000076
FeedPwm2Sec@feed                  cstackBANK0  000060
FeedPwm2Sec@i                     cstackBANK0  00006C
GetMtrResponse@rc                 cstackBANK0  000064
NxtShot_diag@args                 cstackBANK0  000078
NxtShot_diag@code                 cstackBANK0  000076
Open1USART@config                 cstackBANK0  000065
Open1USART@spbrg                  cstackBANK0  000060
Open2USART@config                 cstackBANK0  000065
Open2USART@spbrg                  cstackBANK0  000060
OpenCapture1@config               cstackBANK0  000060
OpenCapture2@ccp2mx               cstackBANK0  000061
OpenCapture2@config               cstackBANK0  000062
OpenPWM3@period                   cstackBANK0  000060
OpenPWM4@period                   cstackBANK0  000060
OpenPWM5@period                   cstackBANK0  000060
OpenSPI1@bus_mode                 cstackBANK0  000060
OpenSPI1@smp_phase                cstackBANK0  000061
OpenSPI1@sync_mode                cstackBANK0  000062
OpenTimer0@config                 cstackBANK0  000060
OpenTimer1@config                 cstackBANK0  000060
OpenTimer3@config                 cstackBANK0  000060
OpenTimer4@config                 cstackBANK0  000060
OpenXLCD@lcdtype                  cstackBANK0  000062
PL10                              text0        0138FE
PL100                             text7        0155F6
PL102                             text170      01D14A
PL104                             text11       018A50
PL106                             text0        013B5C
PL108                             text0        013B6E
PL110                             text12       01BFC2
PL112                             text0        013B8A
PL114                             text0        013B98
PL116                             text33       016650
PL118                             text7        015606
PL12                              text0        01392C
PL120                             text14       01E146
PL122                             text7        015616
PL124                             text12       01BFD6
PL126                             text33       016672
PL128                             text33       01668E
PL130                             text7        015624
PL132                             text24       01EE6E
PL134                             text33       0166A4
PL136                             text0        013C2A
PL138                             text33       0166D0
PL14                              text0        01393A
PL140                             text7        01563A
PL142                             text12       01C000
PL144                             text33       01670E
PL146                             text11       018A5E
PL148                             text7        015648
PL150                             text11       018A74
PL152                             text12       01C01E
PL154                             text7        015656
PL156                             text33       01672A
PL158                             text122      01BCEC
PL16                              text0        01395A
PL160                             text0        013C56
PL162                             text7        015666
PL164                             text103      017216
PL166                             text7        015680
PL168                             text0        013C9A
PL170                             text7        01569C
PL172                             text33       016740
PL174                             text13       01A974
PL176                             text23       01CAE6
PL178                             text0        013CCA
PL18                              text0        01396E
PL180                             text7        0156AA
PL182                             text11       018A88
PL184                             text0        013D1C
PL186                             text103      017232
PL188                             text0        013D2C
PL190                             text7        0156C0
PL192                             text0        013D3C
PL194                             text0        013D52
PL196                             text8        01DFAE
PL198                             text17       01C2CC
PL2                               text0        0137EE
PL20                              text0        01398C
PL200                             text58       01D726
PL202                             text0        013D7C
PL204                             text0        013D96
PL206                             text115      019028
PL208                             text173      01A390
PL210                             text177      0196A0
PL212                             text106      019D36
PL214                             text177      0196B4
PL216                             text173      01A3A4
PL218                             text115      01903C
PL22                              text146      01D370
PL220                             text20       01FBC6
PL222                             text106      019D4A
PL224                             text50       01E720
PL226                             text170      01D166
PL228                             text8        01DFCE
PL230                             text106      019D66
PL232                             text177      0196D0
PL234                             text173      01A3C0
PL236                             text115      019058
PL238                             text0        013DA8
PL24                              text0        0139AE
PL240                             text45       01FEFA
PL242                             text7        0156D0
PL244                             text44       01FE2C
PL246                             text7        0156E0
PL248                             text43       01FD5E
PL250                             text0        013DB2
PL252                             text13       01A984
PL254                             text7        015702
PL256                             text103      017242
PL258                             text103      017262
PL26                              text0        0139BE
PL260                             text58       01D73C
PL262                             text116      01F3E6
PL264                             text168      017A50
PL266                             text33       016750
PL268                             text167      01823C
PL270                             text103      017270
PL272                             text122      01BD10
PL274                             text33       01676E
PL276                             text33       016784
PL278                             text7        015722
PL28                              text0        0139DC
PL280                             text33       01679A
PL282                             text0        013DC6
PL284                             text33       0167AC
PL286                             text0        013DD8
PL288                             text103      017286
PL290                             text168      017A6E
PL292                             text40       01D8D6
PL294                             text167      01825A
PL296                             text103      017294
PL298                             text0        013DEA
PL30                              text0        0139EA
PL300                             text13       01A99C
PL302                             text0        013DFE
PL304                             text17       01C318
PL306                             text17       01C32C
PL308                             text7        015738
PL310                             text40       01D8F2
PL312                             text0        013E12
PL314                             text12       01C040
PL316                             text0        013E22
PL318                             text17       01C346
PL32                              text7        01555A
PL320                             text7        015752
PL322                             text177      0196F2
PL324                             text0        013E32
PL326                             text33       0167BE
PL328                             text173      01A3E2
PL330                             text40       01D90C
PL332                             text17       01C354
PL334                             text9        01CF74
PL336                             text86       01F102
PL338                             text0        013E40
PL34                              text7        015570
PL340                             text122      01BD26
PL342                             text168      017A8A
PL344                             text0        013E68
PL346                             text7        01576A
PL348                             text71       01D54A
PL350                             text0        013E7A
PL352                             text105      01B3A2
PL354                             text106      019D88
PL356                             text103      0172C4
PL358                             text33       0167CE
PL36                              text33       016618
PL360                             text115      01907A
PL362                             text113      01AEC4
PL364                             text113      01AEE8
PL366                             text13       01A9CC
PL368                             text0        013E90
PL370                             text11       018AB4
PL372                             text0        013E9E
PL374                             text105      01B3C6
PL376                             text0        013EAA
PL378                             text0        013EBA
PL38                              text11       0189DE
PL380                             text30       01DE18
PL382                             text167      018276
PL384                             text63       01C5CA
PL386                             text168      017A9A
PL388                             text33       0167F2
PL390                             text31       01E45E
PL392                             text0        013ECA
PL394                             text0        013EDE
PL396                             text168      017ABC
PL398                             text0        013EF0
PL4                               text0        01382E
PL40                              text33       016640
PL400                             text167      018298
PL402                             text12       01C050
PL404                             text0        013F10
PL406                             text167      0182B6
PL408                             text168      017ADC
PL410                             text7        01577C
PL412                             text12       01C06C
PL414                             text167      0182C8
PL416                             text7        01578E
PL418                             text168      017AEE
PL42                              text0        0139FA
PL420                             text33       016800
PL422                             text33       016812
PL424                             text122      01BD3A
PL426                             text0        013F22
PL428                             text177      01970A
PL430                             text33       016824
PL432                             text173      01A3FA
PL434                             text58       01D746
PL436                             text13       01A9DA
PL438                             text14       01E15A
PL44                              text0        013A3C
PL440                             text0        013F32
PL442                             text50       01E730
PL444                             text106      019DAC
PL446                             text13       01A9F4
PL448                             text114      000C44
PL450                             text103      0172E8
PL452                             text116      01F3F8
PL454                             text103      017302
PL456                             text106      019DC6
PL458                             text115      01909E
PL46                              text7        01557A
PL460                             text7        0157A0
PL462                             text61       01CD30
PL464                             text103      01731C
PL466                             text177      019726
PL468                             text173      01A416
PL470                             text88       000D8E
PL472                             text7        0157BA
PL474                             text115      0190B8
PL476                             text14       01E168
PL478                             text11       018AC2
PL48                              text0        013A4A
PL480                             text31       01E476
PL482                             text9        01CF86
PL484                             text0        013F40
PL486                             text0        013F50
PL488                             text103      017336
PL490                             text30       01DE30
PL492                             text0        013F60
PL494                             text7        0157D4
PL496                             text15       01C890
PL498                             text0        013F74
PL50                              text0        013A58
PL500                             text0        013F84
PL502                             text0        013F94
PL504                             text168      017B00
PL506                             text0        013FAC
PL508                             text167      0182DA
PL510                             text116      01F412
PL512                             text54       01E9D2
PL514                             text7        0157E4
PL516                             text2        01B89C
PL518                             text13       01AA0E
PL52                              text7        015594
PL520                             text0        013FC4
PL522                             text0        013FDC
PL524                             text0        013FF4
PL526                             text115      0190D2
PL528                             text177      019740
PL530                             text0        01400C
PL532                             text106      019DE0
PL534                             text12       01C07C
PL536                             text177      019756
PL538                             text173      01A430
PL54                              text0        013A68
PL540                             text147      01FFB8
PL542                             text173      01A446
PL544                             text115      0190E8
PL546                             text23       01CAF4
PL548                             text0        014022
PL550                             text168      017B18
PL552                             text106      019DF6
PL554                             text167      0182F2
PL556                             text126      0019F0
PL558                             text161      01E5D0
PL56                              text7        0155B4
PL560                             text0        014030
PL562                             text33       016832
PL564                             text54       01E9EA
PL566                             text63       01C5EC
PL568                             text0        01403E
PL570                             text0        014050
PL572                             text36       01E2DC
PL574                             text106      019E02
PL576                             text33       016846
PL578                             text170      01D180
PL58                              text0        013A76
PL580                             text177      01976C
PL582                             text7        0157FC
PL584                             text7        01580E
PL586                             text173      01A45C
PL588                             text36       01E2EE
PL590                             text106      019E14
PL592                             text177      01977E
PL594                             text115      0190F4
PL596                             text7        015820
PL598                             text0        014062
PL6                               text0        013870
PL60                              text0        013A82
PL600                             text0        014074
PL602                             text106      019E26
PL604                             text115      019106
PL606                             text50       01E742
PL608                             text173      01A46E
PL610                             text115      019118
PL612                             text168      017B26
PL614                             text167      018300
PL616                             text147      01FFCE
PL618                             text72       01DAC4
PL62                              text105      01B33C
PL620                             text0        014086
PL622                             text90       0002B0
PL624                             text173      01A480
PL626                             text146      01D388
PL628                             text7        01582E
PL630                             text177      019790
PL632                             text71       01D570
PL634                             text147      01FFD8
PL636                             text177      0197A0
PL638                             text0        014096
PL64                              text113      01AE5E
PL640                             text115      01912A
PL642                             text161      01E5DE
PL644                             text61       01CD4A
PL646                             text115      01913A
PL648                             text177      0197B0
PL650                             text12       01C092
PL652                             text33       016858
PL654                             text15       01C8A0
PL656                             text0        0140A6
PL658                             text106      019E38
PL66                              text0        013ABC
PL660                             text29       01F620
PL662                             text106      019E48
PL664                             text173      01A490
PL666                             text0        0140B6
PL668                             text105      01B3D2
PL670                             text0        0140C6
PL672                             text173      01A4A0
PL674                             text173      01A4B0
PL676                             text23       01CB02
PL678                             text90       0002C0
PL68                              text20       01FB64
PL680                             text0        0140D6
PL682                             text7        01583E
PL684                             text115      01914A
PL686                             text0        0140E6
PL688                             text113      01AEF4
PL690                             text7        01584E
PL692                             text177      0197C0
PL694                             text106      019E58
PL696                             text167      01830C
PL698                             text168      017B32
PL70                              text0        013AE4
PL700                             text0        0140F6
PL702                             text0        014104
PL704                             text0        014112
PL706                             text105      01B3E2
PL708                             text2        01B8B2
PL710                             text7        01585E
PL712                             text170      01D192
PL714                             text7        01586C
PL716                             text0        014120
PL718                             text13       01AA24
PL72                              text13       01A964
PL720                             text7        01587A
PL722                             text0        01412E
PL724                             text109      01FAE2
PL726                             text113      01AF04
PL728                             text110      01EDB2
PL730                             text72       01DAD4
PL732                             text63       01C5F6
PL734                             text7        015886
PL736                             text0        01413C
PL738                             text0        01414A
PL74                              text0        013B00
PL740                             text108      01EFFA
PL742                             text7        015890
PL744                             text0        014158
PL746                             text177      0197D0
PL748                             text149      01F51C
PL750                             text173      01A4C0
PL752                             text63       01C604
PL754                             text0        014166
PL756                             text170      01D1A0
PL758                             text177      0197D8
PL76                              text113      01AE82
PL760                             text0        014170
PL762                             text173      01A4C8
PL764                             text115      01915A
PL766                             text33       016868
PL768                             text106      019E68
PL770                             text149      01F526
PL772                             text173      01A4D2
PL774                             text33       016872
PL776                             text0        01417A
PL778                             text33       016878
PL78                              text105      01B360
PL780                             text177      0197E2
PL782                             text33       01687E
PL784                             text7        01589E
PL786                             text33       016884
PL788                             text33       01688A
PL790                             text33       016892
PL8                               text0        0138B8
PL80                              text7        0155C2
PL82                              text20       01FB92
PL84                              text0        013B40
PL86                              text11       018A12
PL88                              text7        0155E8
PL90                              text0        013B4E
PL92                              text105      01B372
PL94                              text113      01AE94
PL96                              text105      01B38A
PL98                              text113      01AEAC
PgaGain@chan                      cstackBANK0  000064
PgaGain@gain                      cstackBANK0  000066
Read1USART@data                   cstackBANK0  000060
Read2USART@data                   cstackBANK0  000060
ReadCapture1@Cap                  cstackCOMRAM 000024
ReadCapture2@Cap                  cstackCOMRAM 000024
RemoteSaveDrill@i                 cstackBANK0  000086
RemoteSaveDrill@j                 cstackBANK0  000085
SEERead@addr                      cstackBANK0  000064
SEERead@data                      cstackBANK0  000069
SEEWrite@addr                     cstackBANK0  000064
SEEWrite@data                     cstackBANK0  000066
SEEWrite@status                   cstackBANK0  00006A
SetBotPwm@delta                   cstackBANK0  000077
SetBotPwm@drift                   cstackBANK0  000071
SetBotPwm@drift1                  cstackBANK0  00006F
SetBotPwm@i                       cstackBANK0  000075
SetBotPwm@incr                    cstackBANK0  000073
SetDCPWM3@DCycle                  cstackBANK0  000064
SetDCPWM3@dutycycle               cstackBANK0  000060
SetDCPWM4@DCycle                  cstackBANK0  000064
SetDCPWM4@dutycycle               cstackBANK0  000060
SetDCPWM5@DCycle                  cstackBANK0  000064
SetDCPWM5@dutycycle               cstackBANK0  000060
SetDDRamAddr@DDaddr               cstackBANK0  000060
SetFeedImm@feedpwm                cstackBANK0  000063
SetFeedRate@feedpwm               cstackBANK0  000060
SetTopPwm@delta                   cstackBANK0  000077
SetTopPwm@drift                   cstackBANK0  000071
SetTopPwm@drift1                  cstackBANK0  00006F
SetTopPwm@i                       cstackBANK0  000075
SetTopPwm@incr                    cstackBANK0  000073
Setup@ix                          cstackBANK0  000078
SlowFeedMtr@flag                  cstackBANK0  000066
StartBot@delta                    cstackBANK0  000092
StartBot@ix                       cstackBANK0  000094
StartBot@val                      cstackBANK0  00007A
StartElevRandom@arg               cstackBANK0  000091
StartElevRandom@limit_bot         cstackBANK0  000083
StartElevRandom@limit_top         cstackBANK0  000081
StartElevRandom@speed             cstackBANK0  00007F
StartFeed@ptr                     cstackBANK0  00006D
StartFeedCont@feedpwm             cstackBANK0  000064
StartSweepRandom@arg              cstackBANK0  000091
StartSweepRandom@limit_l          cstackBANK0  000083
StartSweepRandom@limit_r          cstackBANK0  000081
StartSweepRandom@speed            cstackBANK0  00007F
StartTop@delta                    cstackBANK0  000092
StartTop@ix                       cstackBANK0  000094
StartTop@val                      cstackBANK0  00007A
StopBotMtr@ptr                    cstackBANK0  000068
StopFeedMtr@ptr                   cstackBANK0  000068
StopTopMtr@ptr                    cstackBANK0  000068
SvcShots@StartXTime               bssBANK1     000106
SvcShots@arg                      cstackBANK0  0000A5
SvcShots@curx                     cstackBANK0  00009F
SvcShots@delta                    cstackBANK0  0000A1
SvcShots@feed_rate_hs             bssBANK2     00021E
SvcShots@lastx                    cstackBANK0  00009D
UpdTopPer@top_delta1              cstackBANK0  000066
Write2USART@data                  cstackBANK0  000060
WriteCmdXLCD@cmd                  cstackBANK0  000060
WriteDataXLCD@data                cstackBANK0  000060
WriteSPI1@data_out                cstackBANK0  000060
_ADCON0                           (abs)        000FC2
_ADCON0bits                       (abs)        000FC2
_ADCON1                           (abs)        000FC1
_ADCON2                           (abs)        000FC0
_ADRESH                           (abs)        000FC4
_ADRESL                           (abs)        000FC3
_Advanced_locs                    mediumconst  00EC44
_BAT_CurSenseCt                   bssBANK1     000160
_BAT_TripPoint                    bssBANK2     000256
_BAT_TripTime                     bssBANK2     000258
_BAT_lastval                      bssBANK2     00025A
_BDM_CurSenseCt                   bssBANK2     00024A
_BDM_TripPoint                    bssBANK2     000200
_BDM_TripTime                     bssBANK2     000206
_BallElapsedHalfSec               bssBANK0     0000D4
_BallElapsedTicks                 bssBANK1     000161
_BallTimerOn                      bssBANK1     000162
_BatAvg                           bssBANK4     000400
_BatAvgCnt                        bssBANK1     000163
_BatLevelDisplay                  bssBANK1     000164
_BatLevelDisplayTmr               bssBANK1     000165
_BatPercent                       bssBANK2     00025C
_BatteryAverage                   text170      01CF96
_Beginner_locs                    mediumconst  00EC80
_BotSpdLimit                      bssBANK2     0002F0
_BuildCmd                         text161      01E486
_BusyXLCD                         text132      001D20
_CCP1CON                          (abs)        000FBD
_CCP2CON                          (abs)        000FBA
_CCP3CON                          (abs)        000FB7
_CCP4CON                          (abs)        000F73
_CCP5CON                          (abs)        000F70
_CCPR1H                           (abs)        000FBF
_CCPR1L                           (abs)        000FBE
_CCPR2H                           (abs)        000FBC
_CCPR2L                           (abs)        000FBB
_CCPR3L                           (abs)        000FB8
_CCPR4L                           (abs)        000F74
_CCPR5L                           (abs)        000F71
_CalcBotPwm                       text168      017346
_CalcBotPwm$2386                  cstackBANK0  000068
_CalcBotPwm$2387                  cstackBANK0  000070
_CalcBotPwm$2388                  cstackBANK0  00006C
_CalcLimits                       text116      01F326
_CalcTopPwm                       text167      017B3A
_CalcTopPwm$2363                  cstackBANK0  000065
_CalcTopPwm$2364                  cstackBANK0  00006D
_CalcTopPwm$2365                  cstackBANK0  000069
_CheckBattery                     text153      0010F4
_ChipDeSelect                     text166      001A32
_ChipReserve                      text150      001F0A
_ChipSelect                       text165      0016C6
_CloseCapture1                    text81       001F6A
_CloseCapture2                    text80       001F64
_ClosePWM3                        text79       001F84
_ClosePWM4                        text78       001F80
_ClosePWM5                        text77       001F7C
_CloseTimer0                      text76       001F5E
_CloseTimer1                      text75       001F58
_CloseTimer3                      text74       001F52
_CloseTimer4                      text73       001F4C
_CurSense                         mediumconst  00C287
_CurSenseCt                       bssBANK5     000512
_CurShot                          bssBANK1     00019C
_CurShotState                     bssBANK1     00012C
_CurShot_diag                     text58       01D580
_DbgFeedType                      bssBANK2     000222
_Delay10KTCYx                     text131      001E02
_Delay1KTCYx                      text164      001EBE
_DelayFor18TCY                    text133      001E1C
_DelayPORXLCD                     text130      001F76
_DiagBuf                          bssBANK5     000540
_DisableSlaveSPI                  text152      0005C0
_DoDebug                          bssBANK1     000166
_ELEV_CORR_MIN                    bssBANK1     00012E
_EnableSlaveSPI                   text151      0019FE
_ErrorShutDown                    bssBANK0     0000F2
_ErrorStat                        bssCOMRAM    000019
_FeedEarlyOn                      bssBANK1     000167
_FeedMtrDone                      text88       000D42
_FeedPwm2Sec                      text120      000370
_FeedStartTbl                     mediumconst  00EB5C
_FeedTimeoutOn                    bssBANK1     000168
_FirstShot                        bssBANK1     000169
_FlashBuf                         bssBANK8     000800
_ForceShot                        text55       001F44
_GetMtrResponse                   text119      000980
_INTCON2bits                      (abs)        000FF1
_INTCONbits                       (abs)        000FF2
_Intermediate_locs                mediumconst  00ECBC
_InvCmd                           mediumconst  00F015
[...]
		PL472          		CODE           	157BA	0000	26
		PL662          		CODE           	19E48	0000	16
		PL116          		CODE           	16650	0000	34
		PL306          		CODE           	1C32C	0000	26
		PL154          		CODE           	15656	0000	16
		PL344          		CODE           	13E68	0000	18
		PL192          		CODE           	13D3C	0000	22
		PL534          		CODE           	1C07C	0000	22
		PL382          		CODE           	18276	0000	34
		PL724          		CODE           	1FAE2	0000	14
		PL572          		CODE           	1E2DC	0000	18
		PL762          		CODE           	1A4C8	0000	10
		_preset_mask   		MEDIUMCONST    	C2E3	0000	48
		_line_start    		MEDIUMCONST    	C3B0	0000	4
		_Moonballer_loc		MEDIUMCONST    	ED34	0000	60
		PL216          		CODE           	1A3A4	0000	28
		PL406          		CODE           	182B6	0000	18
		PL254          		CODE           	15702	0000	32
		PL444          		CODE           	19DAC	0000	26
		PL292          		CODE           	1D8D6	0000	28
		PL634          		CODE           	1FFD8	0000	16
		PL482          		CODE           	1CF86	0000	16
		PL672          		CODE           	1A4A0	0000	16
		PL126          		CODE           	16672	0000	28
		PL316          		CODE           	13E22	0000	16
		PL164          		CODE           	17216	0000	28
		PL506          		CODE           	13FAC	0000	24
		PL354          		CODE           	19D88	0000	36
		PL544          		CODE           	190E8	0000	12
		PL392          		CODE           	13ECA	0000	20
		PL734          		CODE           	15886	0000	10
		PL582          		CODE           	157FC	0000	18
		PL772          		CODE           	1A4D2	0000	10
		_preparm1base  		MEDIUMCONST    	C353	0000	19
		PL226          		CODE           	1D166	0000	26
		PL416          		CODE           	1578E	0000	18
		PL264          		CODE           	17A50	0000	30
		PL606          		CODE           	1E742	0000	18
		PL454          		CODE           	17302	0000	26
		PL644          		CODE           	1CD4A	0000	16
		PL492          		CODE           	13F60	0000	20
		PL682          		CODE           	1583E	0000	16
		_CurSense      		MEDIUMCONST    	C287	0000	92
		_transition_loc		MEDIUMCONST    	EED8	0000	60
		PL136          		CODE           	13C2A	0000	44
		PL326          		CODE           	167BE	0000	16
		PL174          		CODE           	1A974	0000	16
		PL516          		CODE           	1B89C	0000	22
		PL364          		CODE           	1AEE8	0000	12
		PL706          		CODE           	1B3E2	0000	14
		PL554          		CODE           	182F2	0000	14
		PL744          		CODE           	14158	0000	14
		PL592          		CODE           	1977E	0000	18
		PL782          		CODE           	1687E	0000	6
		i2_WriteSPI1   		CODE           	1E80	0000	22
		PL236          		CODE           	19058	0000	34
		PL426          		CODE           	13F22	0000	16
		PL274          		CODE           	1676E	0000	22
		PL616          		CODE           	1FFCE	0000	10
		PL464          		CODE           	1731C	0000	26
		PL654          		CODE           	1C8A0	0000	16
		PL692          		CODE           	197C0	0000	16
		_xtbl_EL04     		MEDIUMCONST    	E85C	0000	384
		_flash_header  		MEDIUMCONST    	EF14	0000	33
		PL108          		CODE           	13B6E	0000	28
		PL146          		CODE           	18A5E	0000	22
		PL336          		CODE           	1F102	0000	18
		PL184          		CODE           	13D1C	0000	16
		PL526          		CODE           	190D2	0000	22
		PL374          		CODE           	1B3C6	0000	12
		PL716          		CODE           	14120	0000	14
		PL564          		CODE           	1E9EA	0000	18
		PL754          		CODE           	14166	0000	10
		_accel_low     		MEDIUMCONST    	EF75	0000	32
		_xtbl_EL05LE2  		MEDIUMCONST    	E9DC	0000	384
		PL208          		CODE           	1A390	0000	20
		PL246          		CODE           	156E0	0000	34
		PL436          		CODE           	1A9DA	0000	26
		PL284          		CODE           	167AC	0000	18
		PL626          		CODE           	1D388	0000	16
		PL474          		CODE           	190B8	0000	26
		PL664          		CODE           	1A490	0000	16
		_key2loc       		MEDIUMCONST    	C0FF	0000	288
		_base_feeds    		MEDIUMCONST    	C313	0000	32
		_space         		MEDIUMCONST    	F03E	0000	2
		_accel_low_d   		MEDIUMCONST    	EF95	0000	32
		PL118          		CODE           	15606	0000	16
		PL308          		CODE           	15738	0000	26
		PL156          		CODE           	1672A	0000	22
		PL346          		CODE           	1576A	0000	18
		PL194          		CODE           	13D52	0000	42
		PL536          		CODE           	19756	0000	22
		PL384          		CODE           	1C5CA	0000	34
		PL726          		CODE           	1AF04	0000	14
		PL574          		CODE           	19E02	0000	18
		PL764          		CODE           	1915A	0000	10
		_Beginner_locs 		MEDIUMCONST    	EC80	0000	60
		PL218          		CODE           	1903C	0000	28
		PL408          		CODE           	17ADC	0000	18
		PL256          		CODE           	17242	0000	32
		PL446          		CODE           	1A9F4	0000	26
		PL294          		CODE           	1825A	0000	28
		PL636          		CODE           	197A0	0000	16
		PL484          		CODE           	13F40	0000	16
		PL674          		CODE           	1A4B0	0000	16
		_home_loc      		MEDIUMCONST    	C384	0000	10
		_lobmach_EL05LE		MEDIUMCONST    	C3A3	0000	7
		PL128          		CODE           	1668E	0000	22
		PL318          		CODE           	1C346	0000	14
		PL166          		CODE           	15680	0000	28
		PL508          		CODE           	182DA	0000	24
		PL356          		CODE           	172C4	0000	36
		PL546          		CODE           	1CAF4	0000	14
		PL394          		CODE           	13EDE	0000	18
		PL736          		CODE           	1413C	0000	14
		PL584          		CODE           	1580E	0000	18
		PL774          		CODE           	16872	0000	6
		_Intermediate_l		MEDIUMCONST    	ECBC	0000	60
		_base_speeds   		MEDIUMCONST    	EC04	0000	64
		PL228          		CODE           	1DFCE	0000	14
		PL418          		CODE           	17AEE	0000	18
		PL266          		CODE           	16750	0000	30
		PL608          		CODE           	1A46E	0000	18
		PL456          		CODE           	19DC6	0000	26
		PL646          		CODE           	1913A	0000	16
		PL494          		CODE           	157D4	0000	16
		PL684          		CODE           	1914A	0000	16
		i2_PgaGain     		CODE           	1706	0000	64
		PL138          		CODE           	166D0	0000	62
		PL328          		CODE           	1A3E2	0000	24
		PL176          		CODE           	1CAE6	0000	14
		PL518          		CODE           	1AA0E	0000	22
		PL366          		CODE           	1A9CC	0000	14
		PL708          		CODE           	1B8B2	0000	14
		PL556          		CODE           	19F0	0000	14
		PL746          		CODE           	197D0	0000	8
		PL594          		CODE           	190F4	0000	18
		PL784          		CODE           	1589E	0000	8
		PL2            		CODE           	137EE	0000	64
		PL238          		CODE           	13DA8	0000	10
		PL428          		CODE           	1970A	0000	28
		PL276          		CODE           	16784	0000	22
		PL618          		CODE           	1DAC4	0000	16
		PL466          		CODE           	19726	0000	26
		PL656          		CODE           	140A6	0000	16
		PL694          		CODE           	19E58	0000	16
		_pre_rand      		MEDIUMCONST    	C21F	0000	104
		PL148          		CODE           	15648	0000	14
		PL338          		CODE           	13E40	0000	40
		PL186          		CODE           	17232	0000	16
		PL528          		CODE           	19740	0000	22
		PL376          		CODE           	13EAA	0000	16
		PL718          		CODE           	1AA24	0000	14
		PL566          		CODE           	1C5EC	0000	10
		PL756          		CODE           	1D1A0	0000	10
		_FeedStartTbl  		MEDIUMCONST    	EB5C	0000	168
		PL10           		CODE           	138FE	0000	46
		PL4            		CODE           	1382E	0000	66
		i2_DelayFor18TC		CODE           	1E50	0000	26
		PL248          		CODE           	1FD5E	0000	34
		PL438          		CODE           	1E15A	0000	14
		PL286          		CODE           	13DD8	0000	18
		PL628          		CODE           	1582E	0000	16
		PL476          		CODE           	1E168	0000	14
		PL666          		CODE           	140B6	0000	16
		_Advanced_locs 		MEDIUMCONST    	EC44	0000	60
		PL20           		CODE           	1398C	0000	34
		PL158          		CODE           	1BCEC	0000	36
		PL348          		CODE           	1D54A	0000	38
		PL196          		CODE           	1DFAE	0000	32
		PL538          		CODE           	1A430	0000	22
		PL386          		CODE           	17A9A	0000	34
		PL728          		CODE           	1EDB2	0000	14
		PL576          		CODE           	16846	0000	18
		PL766          		CODE           	16868	0000	10
		PL30           		CODE           	139EA	0000	16
		PL6            		CODE           	13870	0000	72
		PL258          		CODE           	17262	0000	14
		PL448          		CODE           	0C44	0000	26
		PL296          		CODE           	17294	0000	48
		PL638          		CODE           	14096	0000	16
		PL486          		CODE           	13F50	0000	16
		PL676          		CODE           	1CB02	0000	16
		PL40           		CODE           	16640	0000	16
		_accel_hi      		MEDIUMCONST    	EF35	0000	32
		PL168          		CODE           	13C9A	0000	48
		PL358          		CODE           	167CE	0000	36
		PL548          		CODE           	14022	0000	14
		PL396          		CODE           	17ABC	0000	32
		PL738          		CODE           	1414A	0000	14
		PL586          		CODE           	1A45C	0000	18
		PL776          		CODE           	1417A	0000	10
		_crlf          		MEDIUMCONST    	F03B	0000	3
		_accel_hi_d    		MEDIUMCONST    	EF55	0000	32

shared estimated size: 29184

C:\Program Files (x86)\Microchip\xc8\v1.33\sources\pic18\plib\Timers\t4open.c
		_OpenTimer4    		CODE           	1E36	0000	26

C:\Program Files (x86)\Microchip\xc8\v1.33\sources\pic18\plib\Timers\t4open.c estimated size: 26

C:\Program Files (x86)\Microchip\xc8\v1.33\sources\common\aldiv.c
		___aldiv       		CODE           	1F920	0000	232

C:\Program Files (x86)\Microchip\xc8\v1.33\sources\common\aldiv.c estimated size: 232

C:\Program Files (x86)\Microchip\xc8\v1.33\sources\pic18\plib\Timers\t3close.c
		_CloseTimer3   		CODE           	1F52	0000	6

C:\Program Files (x86)\Microchip\xc8\v1.33\sources\pic18\plib\Timers\t3close.c estimated size: 6

C:\Program Files (x86)\Microchip\xc8\v1.33\sources\common\strlen.c
		_strlen        		CODE           	14FE	0000	70

C:\Program Files (x86)\Microchip\xc8\v1.33\sources\common\strlen.c estimated size: 70

D:\Users\MichaelZarling\Documents\Lobster\cs020_sw\Master_v1p226p34-XC8\EL04\main\lobparm.c
		_lob_parm      		CODE           	158A6	0000	3442
		_is_available  		CODE           	1472	0000	70
		_isLocAvail    		CODE           	08FE	0000	130
		_chartoa       		CODE           	1E176	0000	358
		_getLocAvail   		CODE           	0532	0000	142

D:\Users\MichaelZarling\Documents\Lobster\cs020_sw\Master_v1p226p34-XC8\EL04\main\lobparm.c estimated size: 4142

C:\Program Files (x86)\Microchip\xc8\v1.33\sources\common\itoa.c
		_itoa          		CODE           	14B8	0000	70
		_utoa          		CODE           	02D0	0000	160

C:\Program Files (x86)\Microchip\xc8\v1.33\sources\common\itoa.c estimated size: 230

C:\Program Files (x86)\Microchip\xc8\v1.33\sources\pic18\plib\Timers\t0open.c
		_OpenTimer0    		CODE           	1DC6	0000	30

C:\Program Files (x86)\Microchip\xc8\v1.33\sources\pic18\plib\Timers\t0open.c estimated size: 30

C:\Program Files (x86)\Microchip\xc8\v1.33\sources\common\strchr.c
		_strchr        		CODE           	1B26	0000	46

C:\Program Files (x86)\Microchip\xc8\v1.33\sources\common\strchr.c estimated size: 46

D:\Users\MichaelZarling\Documents\Lobster\cs020_sw\Master_v1p226p34-XC8\EL04\main\loblcd.c
		_set_intensity 		CODE           	1C94	0000	36
		_clear_lcd     		CODE           	1352	0000	72

D:\Users\MichaelZarling\Documents\Lobster\cs020_sw\Master_v1p226p34-XC8\EL04\main\loblcd.c estimated size: 108

C:\Program Files (x86)\Microchip\xc8\v1.33\sources\common\strcpy.c
		_strcpy        		CODE           	11E0	0000	74

C:\Program Files (x86)\Microchip\xc8\v1.33\sources\common\strcpy.c estimated size: 74

C:\Program Files (x86)\Microchip\xc8\v1.33\sources\pic18\plib\PWM\pw5close.c
		_ClosePWM5     		CODE           	1F7C	0000	4

C:\Program Files (x86)\Microchip\xc8\v1.33\sources\pic18\plib\PWM\pw5close.c estimated size: 4

C:\Program Files (x86)\Microchip\xc8\v1.33\sources\common\memset.c
		_memset        		CODE           	1B54	0000	46

C:\Program Files (x86)\Microchip\xc8\v1.33\sources\common\memset.c estimated size: 46

D:\Users\MichaelZarling\Documents\Lobster\cs020_sw\Master_v1p226p34-XC8\EL04\main\diag.c
		_dumphex       		CODE           	1F90	0000	2
		_atoh          		CODE           	1F630	0000	258
		_dumplong      		CODE           	1F92	0000	2
		_dumpaddr      		CODE           	1F8E	0000	2
		_dumpshort     		CODE           	1F8C	0000	2
		_putrsDIAG     		CODE           	1F94	0000	2

D:\Users\MichaelZarling\Documents\Lobster\cs020_sw\Master_v1p226p34-XC8\EL04\main\diag.c estimated size: 268

C:\Program Files (x86)\Microchip\xc8\v1.33\sources\pic18\plib\SPI\spi1read.c
		_ReadSPI1      		CODE           	1F36	0000	14

C:\Program Files (x86)\Microchip\xc8\v1.33\sources\pic18\plib\SPI\spi1read.c estimated size: 14

D:\Users\MichaelZarling\Documents\Lobster\cs020_sw\Master_v1p226p34-XC8\EL04\main\..\xlcd\putrxlcd.c
		_putrsXLCD     		CODE           	0E0E	0000	98

D:\Users\MichaelZarling\Documents\Lobster\cs020_sw\Master_v1p226p34-XC8\EL04\main\..\xlcd\putrxlcd.c estimated size: 98

C:\Program Files (x86)\Microchip\xc8\v1.33\sources\pic18\plib\PWM\pw5setdc.c
		_SetDCPWM5     		CODE           	1872	0000	58

C:\Program Files (x86)\Microchip\xc8\v1.33\sources\pic18\plib\PWM\pw5setdc.c estimated size: 58

C:\Program Files (x86)\Microchip\xc8\v1.33\sources\pic18\plib\USART\u1read.c
		_Read1USART    		CODE           	1EFA	0000	16

C:\Program Files (x86)\Microchip\xc8\v1.33\sources\pic18\plib\USART\u1read.c estimated size: 16

C:\Program Files (x86)\Microchip\xc8\v1.33\sources\common\strncpy.c
		_strncpy       		CODE           	0E70	0000	96

C:\Program Files (x86)\Microchip\xc8\v1.33\sources\common\strncpy.c estimated size: 96

C:\Program Files (x86)\Microchip\xc8\v1.33\sources\pic18\plib\CCP\cp2close.c
		_CloseCapture2 		CODE           	1F64	0000	6

C:\Program Files (x86)\Microchip\xc8\v1.33\sources\pic18\plib\CCP\cp2close.c estimated size: 6

D:\Users\MichaelZarling\Documents\Lobster\cs020_sw\Master_v1p226p34-XC8\EL04\main\master.c
		_SetTopPwm     		CODE           	197EC	0000	1354
		_pwm_debug     		CODE           	0A82	0000	122
		_nofunc        		CODE           	1F8A	0000	2
		_SetFeedImm    		CODE           	0FE8	0000	92
		_SetFeedPwm    		CODE           	1F008	0000	250
		_SetFeedRate   		CODE           	13E2	0000	72
		_StartFeedCont 		CODE           	1EEE6	0000	276
		_ForceShot     		CODE           	1F44	0000	8
		_ee_test       		CODE           	1C366	0000	612
		_StopFeedMtr   		CODE           	1646	0000	64
		_ChipReserve   		CODE           	1F0A	0000	16
		_stop_all      		CODE           	195A	0000	56
		_StartFeedAtSpd		CODE           	1FA08	0000	218
		_StopBotMtr    		CODE           	1686	0000	64
		_CalcLimits    		CODE           	1F326	0000	192
		_feed_diag     		CODE           	1E754	0000	344
		_DisableSlaveSP		CODE           	05C0	0000	142
		_StopBidirMtrs 		CODE           	1F28	0000	14
		_CurShot_diag  		CODE           	1D580	0000	422
		_debounced_remo		CODE           	07F2	0000	136
		_main          		CODE           	10000	0000	14318
		_DelayFor18TCY 		CODE           	1E1C	0000	26
		_BuildCmd      		CODE           	1E486	0000	330
		_MtrResponse   		CODE           	1F1A	0000	14
		_slavecmd      		CODE           	1E8AC	0000	294
		_CalcBotPwm    		CODE           	17346	0000	1802
		_UpdBotPer     		CODE           	1784	0000	62
		_EnableSlaveSPI		CODE           	19FE	0000	52
		_SEEWrite      		CODE           	1F42A	0000	242
		_poweroff      		CODE           	064E	0000	140
		_debounce_power		CODE           	109E	0000	86
		_Setup         		CODE           	1B8C0	0000	1068
		_SpeedInRange  		CODE           	12BE	0000	74
		_StartBot      		CODE           	1AA32	0000	1068
		_dumpmem       		CODE           	06DA	0000	140
		_GetMtrResponse		CODE           	0980	0000	130
		_ChipSelect    		CODE           	16C6	0000	64
		_FeedMtrDone   		CODE           	0D42	0000	76
		_NxtShot_diag  		CODE           	00D2	0000	176
		_StopTopMtr    		CODE           	1606	0000	64
		_abort_shot    		CODE           	1AF8	0000	46
		_isr           		CODE           	0008	0000	125756
		_exec_diag     		CODE           	1E5EE	0000	306
		_UpdTopPer     		CODE           	1D924	0000	416
		_SlowFeedMtr   		CODE           	0BEA	0000	90
		_SlvTimeOut    		CODE           	1F70	0000	6
		_StartTop      		CODE           	1AF12	0000	1066
		_sweep_diag    		CODE           	15C6	0000	64
		_FeedPwm2Sec   		CODE           	0370	0000	156
		_DelayPORXLCD  		CODE           	1F76	0000	6
		_debounced_remo		CODE           	1274	0000	74
		_setmem        		CODE           	1B82	0000	42
		_a2d_diag      		CODE           	1CB12	0000	542
		_bot_diag      		CODE           	0182	0000	172
		_RemoteSaveDril		CODE           	1D1AA	0000	454
		_CalcTopPwm    		CODE           	17B3A	0000	1794
		_top_diag      		CODE           	1D398	0000	434
		_kbdiag        		CODE           	1F82C	0000	244
		_SvcShots      		CODE           	16898	0000	2430
		_ChipDeSelect  		CODE           	1A32	0000	52
		_CheckBattery  		CODE           	10F4	0000	86
		_SetBotPwm     		CODE           	18AD2	0000	1366
		_parse_next    		CODE           	0766	0000	140
		_PgaGain       		CODE           	122A	0000	74
		_BatteryAverage		CODE           	1CF96	0000	436
		_chip_select   		CODE           	1E96	0000	20
		_spitest       		CODE           	001C	0000	182
		_elev_diag     		CODE           	1586	0000	64
		_StartFeed     		CODE           	1EC82	0000	304
		_StartSweepRand		CODE           	0C5E	0000	114
		_StartElevRando		CODE           	0CD0	0000	114
		_SEERead       		CODE           	139A	0000	72

D:\Users\MichaelZarling\Documents\Lobster\cs020_sw\Master_v1p226p34-XC8\EL04\main\master.c estimated size: 161804

C:\Program Files (x86)\Microchip\xc8\v1.33\sources\pic18\plib\PWM\pw5open.c
		_OpenPWM5      		CODE           	1D42	0000	34

C:\Program Files (x86)\Microchip\xc8\v1.33\sources\pic18\plib\PWM\pw5open.c estimated size: 34

C:\Program Files (x86)\Microchip\xc8\v1.33\sources\pic18\plib\CCP\cp2read.c
		_ReadCapture2  		CODE           	1ED2	0000	20

C:\Program Files (x86)\Microchip\xc8\v1.33\sources\pic18\plib\CCP\cp2read.c estimated size: 20

D:\Users\MichaelZarling\Documents\Lobster\cs020_sw\Master_v1p226p34-XC8\EL04\main\lobprog.c
		_show_prog1    		CODE           	1C8B0	0000	566
		_show_prog2    		CODE           	1F114	0000	266
		_show_prog3    		CODE           	1C60C	0000	644
		_lob_program   		CODE           	18314	0000	1738
		_show_progRPM  		CODE           	1DFDC	0000	362
		_get60mph0spin 		CODE           	1FAF0	0000	116

D:\Users\MichaelZarling\Documents\Lobster\cs020_sw\Master_v1p226p34-XC8\EL04\main\lobprog.c estimated size: 3692

D:\Users\MichaelZarling\Documents\Lobster\cs020_sw\Master_v1p226p34-XC8\EL04\main\..\xlcd\openxlcd.c
		_OpenXLCD      		CODE           	04A0	0000	146

D:\Users\MichaelZarling\Documents\Lobster\cs020_sw\Master_v1p226p34-XC8\EL04\main\..\xlcd\openxlcd.c estimated size: 146

C:\Program Files (x86)\Microchip\xc8\v1.33\sources\common\lbdiv.c
		___lbdiv       		CODE           	1992	0000	54

C:\Program Files (x86)\Microchip\xc8\v1.33\sources\common\lbdiv.c estimated size: 54

D:\Users\MichaelZarling\Documents\Lobster\cs020_sw\Master_v1p226p34-XC8\EL04\main\varinit.c
		_varinit       		CODE           	1DAE2	0000	432

D:\Users\MichaelZarling\Documents\Lobster\cs020_sw\Master_v1p226p34-XC8\EL04\main\varinit.c estimated size: 432

D:\Users\MichaelZarling\Documents\Lobster\cs020_sw\Master_v1p226p34-XC8\EL04\main\..\xlcd\wcmdxlcd.c
		_WriteCmdXLCD  		CODE           	1CFE	0000	34

D:\Users\MichaelZarling\Documents\Lobster\cs020_sw\Master_v1p226p34-XC8\EL04\main\..\xlcd\wcmdxlcd.c estimated size: 34

