Microchip MPLAB XC8 Compiler V1.33 ()

Linker command line:

-W-1 --edf=C:\Program Files (x86)\Microchip\xc8\v1.33\dat\en_msgs.txt -cs \
  -h+dist/DEBUGPORT/production\main.production.sym \
  --cmf=dist/DEBUGPORT/production\main.production.cmf -z -Q18F6722 \
  -oC:\Users\micha\AppData\Local\Temp\sp44.6 \
  -Mdist/DEBUGPORT/production/main.production.map -E1 -ver=XC8 \
  -ASTACK=0A68h-0f5fh -pstack=STACK -ACODE=00h-01FFFFh -ACONST=00h-01FFFFh \
  -ASMALLCONST=01000h-010FFhx496 \
  -AMEDIUMCONST=01000h-0FFFFh,011000h-01FFFFh -ACOMRAM=01h-05Fh \
  -AABS1=00h-0F5Fh -ABIGRAM=01h-0F5Fh \
  -ARAM=060h-0FFh,0100h-01FFhx14,0F00h-0F5Fh -ABANK0=060h-0FFh \
  -ABANK1=0100h-01FFh -ABANK2=0200h-02FFh -ABANK3=0300h-03FFh \
  -ABANK4=0400h-04FFh -ABANK5=0500h-05FFh -ABANK6=0600h-06FFh \
  -ABANK7=0700h-07FFh -ABANK8=0800h-08FFh -ABANK9=0900h-09FFh \
  -ABANK10=0A00h-0AFFh -ABANK11=0B00h-0BFFh -ABANK12=0C00h-0CFFh \
  -ABANK13=0D00h-0DFFh -ABANK14=0E00h-0EFFh -ABANK15=0F00h-0F5Fh \
  -ASFR=0F60h-0FFFh \
  -preset_vec=00h,intcode=08h,intcodelo,powerup,init,end_init \
  -pramtop=01000h -psmallconst=SMALLCONST -pmediumconst=MEDIUMCONST \
  -pconst=CONST -AFARRAM=00h-00h -ACONFIG=0300000h-030000Dh -pconfig=CONFIG \
  -AIDLOC=0200000h-0200007h -pidloc=IDLOC -AEEDATA=0F00000h-0F003FFh \
  -peeprom_data=EEDATA \
  -prdata=COMRAM,nvrram=COMRAM,nvbit=COMRAM,rbss=COMRAM,rbit=COMRAM \
  -pfarbss=FARRAM,fardata=FARRAM,nvFARRAM=FARRAM \
  -pintsave_regs=BIGRAM,bigbss=BIGRAM,bigdata=BIGRAM -pbss=RAM \
  -pidata=CODE,irdata=CODE,ibigdata=CODE,ifardata=CODE \
  C:\Users\micha\AppData\Local\Temp\sp44.obj \
  dist/DEBUGPORT/production\main.production.obj 

Object code version is 3.11

Machine type is 18F6722

Call graph: (short form)




                Name                               Link     Load   Length Selector   Space Scale
C:\Users\micha\AppData\Local\Temp\sp44.obj
                end_init                             18       18        4        4       0
                reset_vec                             0        0        4        0       0
                config                           300000   300000        A   300000       0
dist/DEBUGPORT/production\main.production.obj
                intcode                               8        8       10        4       0
                mediumconst                        BD30     BD30     42D0     5E98       0
                text193                            24A6     24A6       14        4       0
                text192                            2492     2492       14        4       0
                text191                            23BA     23BA       1A        4       0
                text190                            2006     2006       34        4       0
                text189                            1D2E     1D2E       3C        4       0
                text188                            242C     242C       16        4       0
                text187                            1C72     1C72       40        4       0
                text186                            2310     2310       20        4       0
                text185                            1E8C     1E8C       3A        4       0
                text184                           19162    19162      688     8000       0
                text183                            1E52     1E52       3A        4       0
                text182                           1F776    1F776       FA     8000       0
                text181                            1E18     1E18       3A        4       0
                text180                           19E70    19E70      66A     8000       0
                text179                            2416     2416       16        4       0
                text178                            102E     102E       74        4       0
                text177                             698      698       A2        4       0
                intcode_body                      1DFEA    1DFEA      194     8000       0
                text175                            187C     187C       4A        4       0
                text174                           1CF64    1CF64      214     8000       0
                text173                             5F6      5F6       A2        4       0
                text172                            16BA     16BA       4E        4       0
                text171                           1734A    1734A      7F4     8000       0
                text170                           17B3E    17B3E      7DA     8000       0
                text169                            1FD2     1FD2       34        4       0
                text168                            1C32     1C32       40        4       0
                text167                            247E     247E       14        4       0
                text166                            24F6     24F6        E        4       0
                text165                            234E     234E       1E        4       0
                text164                           1E78C    1E78C      168     8000       0
                text163                            24E8     24E8        E        4       0
                text162                            1DDE     1DDE       3A        4       0
                text161                            1BF2     1BF2       40        4       0
                text160                            1DA4     1DA4       3A        4       0
                text159                            1BB2     1BB2       40        4       0
                text158                            1D6A     1D6A       3A        4       0
                text157                            1B72     1B72       40        4       0
                text156                            1664     1664       56        4       0
                text155                            2400     2400       16        4       0
                text154                             FBA      FBA       74        4       0
                text153                            246A     246A       14        4       0
                text152                             32E      32E       B8        4       0
                text151                            22AE     22AE       22        4       0
                text150                             B42      B42       8C        4       0
                text149                            1F9E     1F9E       34        4       0
                text148                            24CA     24CA       10        4       0
                text147                           1F36E    1F36E      104     8000       0
                text146                            21B8     21B8       26        4       0
                text145                              EA       EA       CC        4       0
                text144                           1D55E    1D55E      1EE     8000       0
                text143                            1446     1446       60        4       0
                text142                            12BE     12BE       66        4       0
                text141                            2456     2456       14        4       0
                text140                            1A70     1A70       42        4       0
                text139                            22F0     22F0       20        4       0
                text138                            228C     228C       22        4       0
                text137                            226A     226A       22        4       0
                text136                            1956     1956       48        4       0
                text135                            2330     2330       1E        4       0
                text134                            2192     2192       26        4       0
                text133                            216C     216C       26        4       0
                text132                            23A0     23A0       1A        4       0
                text131                            2386     2386       1A        4       0
                text130                            2248     2248       22        4       0
                text129                            236C     236C       1A        4       0
                text128                            253E     253E        6        4       0
                text127                            2202     2202       24        4       0
                text126                            2226     2226       22        4       0
                text125                             90A      90A       92        4       0
                text124                            250C     250C        8        4       0
                text123                            1F34     1F34       36        4       0
                text122                            21DE     21DE       24        4       0
                text121                            20C6     20C6       2E        4       0
                text120                           1DAF0    1DAF0      1B0     8000       0
                text119                           1B8B8    1B8B8      492     8000       0
                text118                            1832     1832       4A        4       0
                text117                             7DA      7DA       9C        4       0
                text116                             CD4      CD4       82        4       0
                text115                            15B6     15B6       58        4       0
                text114                            2538     2538        6        4       0
                text113                           1F26A    1F26A      104     8000       0
                text112                           18AD0    18AD0      692     8000       0
                text111                             F46      F46       74        4       0
                text110                           1AA2A    1AA2A      4E0     8000       0
                text109                            1114     1114       72        4       0
                text108                           1EF42    1EF42      112     8000       0
                text107                             1B6      1B6       BE        4       0
                text106                           1F870    1F870       F6     8000       0
                text105                            10A2     10A2       72        4       0
                text104                           197EA    197EA      686     8000       0
                text103                           1AF0A    1AF0A      4DE     8000       0
                text102                           1FA5A    1FA5A       E8     8000       0
                text101                           1EB94    1EB94      146     8000       0
                text100                           16882    16882      AC8     8000       0
                text99                              ED0      ED0       76        4       0
                text98                             1258     1258       66        4       0
                text97                            1F160    1F160      10A     8000       0
                text96                             160E     160E       56        4       0
                text95                             24BA     24BA       10        4       0
                text94                            1FF76    1FF76       88     8000       0
                text93                             17E8     17E8       4A        4       0
                text92                              274      274       BA        4       0
                text91                            1FD04    1FD04       D6     8000       0
                text90                             1CF0     1CF0       3E        4       0
                text89                             190E     190E       48        4       0
                text88                             11F2     11F2       66        4       0
                text87                             1186     1186       6C        4       0
                text86                            1F054    1F054      10C     8000       0
                text85                             1A2A     1A2A       46        4       0
                text84                            1F574    1F574      102     8000       0
                text83                             2098     2098       2E        4       0
                text82                              AB6      AB6       8C        4       0
                text81                             2532     2532        6        4       0
                text80                             252C     252C        6        4       0
                text79                             254C     254C        4        4       0
                text78                             2548     2548        4        4       0
                text77                             2544     2544        4        4       0
                text76                             2526     2526        6        4       0
                text75                             2520     2520        6        4       0
                text74                             251A     251A        6        4       0
                text73                             2514     2514        6        4       0
                text72                            1D36C    1D36C      1F2     8000       0
                text71                            1D178    1D178      1F4     8000       0
                text70                              DD6      DD6       80        4       0
                text69                             20F4     20F4       2A        4       0
                text68                              3E6      3E6       B6        4       0
                text67                            1EA44    1EA44      150     8000       0
                text66                              54C      54C       AA        4       0
                text65                             1EC6     1EC6       38        4       0
                text64                             2442     2442       14        4       0
                text63                            1C602    1C602      294     8000       0
                text62                              E56      E56       7A        4       0
                text61                            1CD24    1CD24      240     8000       0
                text60                             1B32     1B32       40        4       0
                text59                             1AF2     1AF2       40        4       0
                text58                            1D74C    1D74C      1E2     8000       0
                text57                              49C      49C       B0        4       0
                text56                             24DA     24DA        E        4       0
                text55                             2504     2504        8        4       0
                text54                            1E8F4    1E8F4      150     8000       0
                text53                            1F966    1F966       F4     8000       0
                text52                              A2A      A2A       8C        4       0
                text51                             2552     2552        2        4       0
                text50                            1E620    1E620      16C     8000       0
                text49                             1CB2     1CB2       3E        4       0
                text48                              73A      73A       A0        4       0
                text47                             19E4     19E4       46        4       0
                text46                             1F6A     1F6A       34        4       0
                text45                               1C       1C       CE        4       0
                text44                            1FEA8    1FEA8       CE     8000       0
                text43                            1FDDA    1FDDA       CE     8000       0
                text42                             179E     179E       4A        4       0
                text41                             18C6     18C6       48        4       0
                text40                            1D92E    1D92E      1C2     8000       0
                text39                              876      876       94        4       0
                text38                              BCE      BCE       84        4       0
                text37                             13E6     13E6       60        4       0
                text36                            1E310    1E310      18A     8000       0
                text35                              C52      C52       82        4       0
                text34                             199E     199E       46        4       0
                text33                            15898    15898      FEA     8000       0
                text32                             1EFE     1EFE       36        4       0
                text31                            1E49A    1E49A      186     8000       0
                text30                            1DCA0    1DCA0      1AE     8000       0
                text29                            1F676    1F676      100     8000       0
                text28                             1754     1754       4A        4       0
                text27                             1708     1708       4C        4       0
                text26                             23EA     23EA       16        4       0
                text25                              D56      D56       80        4       0
                text24                            1EE1C    1EE1C      126     8000       0
                text23                            1C896    1C896      24E     8000       0
                text22                             23D4     23D4       16        4       0
                text21                             211E     211E       28        4       0
                text20                            1FB42    1FB42       E6     8000       0
                text19                              99C      99C       8E        4       0
                text18                             2146     2146       26        4       0
                text17                            1C0A4    1C0A4      2C4     8000       0
                text16                            1F472    1F472      102     8000       0
                text15                            1C368    1C368      29A     8000       0
                text14                            1E17E    1E17E      192     8000       0
                text13                            1A4DA    1A4DA      550     8000       0
                text12                            1BD4A    1BD4A      35A     8000       0
                text11                            18318    18318      7B8     8000       0
                text10                             2550     2550        2        4       0
                text9                             1CAE4    1CAE4      240     8000       0
                text8                             1DE4E    1DE4E      19C     8000       0
                text7                             141AA    141AA     16EE     8000       0
                text6                              155C     155C       5A        4       0
                text5                              22D0     22D0       20        4       0
                text4                              1324     1324       62        4       0
                text3                              206A     206A       2E        4       0
                text2                             1B3E8    1B3E8      4D0     8000       0
                text1                              1502     1502       5A        4       0
                text0                             10000    10000     41AA     8000       0
                cstackCOMRAM                         22       22       20        1       1
                cstackBANK0                          60       60       74       60       1
                cstackBANK1                         1BF      1BF       2C      100       1
                cstackBANK8                         880      880       36      800       1
                bssBANK10                           A00      A00       68      A00       1
                dataBANK9                           968      968       5C      900       1
                bssBANK9                            900      900       68      900       1
                dataBANK8                           8B6      8B6       30      800       1
                bssBANK8                            800      800       80      800       1
                dataBANK7                           700      700       DC      700       1
                dataBANK6                           696      696       60      600       1
                bssBANK6                            600      600       96      600       1
                dataBANK5                           59A      59A       40      500       1
                bssBANK5                            500      500       9A      500       1
                bssBANK4                            400      400       F8      400       1
                bssBANK3                            300      300       F3      300       1
                bssBANK2                            200      200       FE      200       1
                dataBANK1                           1F4      1F4        2      100       1
                bssBANK1                            100      100       BF      100       1
                bssBANK0                             D4       D4       26       60       1
                bssCOMRAM                             1        1       21        1       1
                cinit                             1ECDA    1ECDA      142     8000       0
                nvBANK1                             1EB      1EB        9      100       1
                idataBANK9                         14A6     14A6       5C        4       0
                idataBANK8                         203A     203A       30        4       0
                idataBANK7                        1FC28    1FC28       DC     8000       0
                idataBANK6                         1386     1386       60        4       0
                idataBANK5                         1AB2     1AB2       40        4       0
                idataBANK1                        1FFFE    1FFFE        2     8000       0

TOTAL           Name                               Link     Load   Length     Space
        CLASS   STACK          

        CLASS   CODE           
                end_init                             18       18        4         0
                intcode                               8        8       10         0
                reset_vec                             0        0        4         0
                text193                            24A6     24A6       14         0
                text192                            2492     2492       14         0
                text191                            23BA     23BA       1A         0
                text190                            2006     2006       34         0
                text189                            1D2E     1D2E       3C         0
                text188                            242C     242C       16         0
                text187                            1C72     1C72       40         0
                text186                            2310     2310       20         0
                text185                            1E8C     1E8C       3A         0
                text184                           19162    19162      688         0
                text183                            1E52     1E52       3A         0
                text182                           1F776    1F776       FA         0
                text181                            1E18     1E18       3A         0
                text180                           19E70    19E70      66A         0
                text179                            2416     2416       16         0
                text178                            102E     102E       74         0
                text177                             698      698       A2         0
                intcode_body                      1DFEA    1DFEA      194         0
                text175                            187C     187C       4A         0
                text174                           1CF64    1CF64      214         0
                text173                             5F6      5F6       A2         0
                text172                            16BA     16BA       4E         0
                text171                           1734A    1734A      7F4         0
                text170                           17B3E    17B3E      7DA         0
                text169                            1FD2     1FD2       34         0
                text168                            1C32     1C32       40         0
                text167                            247E     247E       14         0
                text166                            24F6     24F6        E         0
                text165                            234E     234E       1E         0
                text164                           1E78C    1E78C      168         0
                text163                            24E8     24E8        E         0
                text162                            1DDE     1DDE       3A         0
                text161                            1BF2     1BF2       40         0
                text160                            1DA4     1DA4       3A         0
                text159                            1BB2     1BB2       40         0
                text158                            1D6A     1D6A       3A         0
                text157                            1B72     1B72       40         0
                text156                            1664     1664       56         0
                text155                            2400     2400       16         0
                text154                             FBA      FBA       74         0
                text153                            246A     246A       14         0
                text152                             32E      32E       B8         0
                text151                            22AE     22AE       22         0
                text150                             B42      B42       8C         0
                text149                            1F9E     1F9E       34         0
                text148                            24CA     24CA       10         0
                text147                           1F36E    1F36E      104         0
                text146                            21B8     21B8       26         0
                text145                              EA       EA       CC         0
                text144                           1D55E    1D55E      1EE         0
                text143                            1446     1446       60         0
                text142                            12BE     12BE       66         0
                text141                            2456     2456       14         0
                text140                            1A70     1A70       42         0
                text139                            22F0     22F0       20         0
                text138                            228C     228C       22         0
                text137                            226A     226A       22         0
                text136                            1956     1956       48         0
                text135                            2330     2330       1E         0
                text134                            2192     2192       26         0
                text133                            216C     216C       26         0
                text132                            23A0     23A0       1A         0
                text131                            2386     2386       1A         0
                text130                            2248     2248       22         0
                text129                            236C     236C       1A         0
                text128                            253E     253E        6         0
                text127                            2202     2202       24         0
                text126                            2226     2226       22         0
                text125                             90A      90A       92         0
                text124                            250C     250C        8         0
                text123                            1F34     1F34       36         0
                text122                            21DE     21DE       24         0
                text121                            20C6     20C6       2E         0
                text120                           1DAF0    1DAF0      1B0         0
                text119                           1B8B8    1B8B8      492         0
                text118                            1832     1832       4A         0
                text117                             7DA      7DA       9C         0
                text116                             CD4      CD4       82         0
                text115                            15B6     15B6       58         0
                text114                            2538     2538        6         0
                text113                           1F26A    1F26A      104         0
                text112                           18AD0    18AD0      692         0
                text111                             F46      F46       74         0
                text110                           1AA2A    1AA2A      4E0         0
                text109                            1114     1114       72         0
                text108                           1EF42    1EF42      112         0
                text107                             1B6      1B6       BE         0
                text106                           1F870    1F870       F6         0
                text105                            10A2     10A2       72         0
                text104                           197EA    197EA      686         0
                text103                           1AF0A    1AF0A      4DE         0
                text102                           1FA5A    1FA5A       E8         0
                text101                           1EB94    1EB94      146         0
                text100                           16882    16882      AC8         0
                text99                              ED0      ED0       76         0
                text98                             1258     1258       66         0
                text97                            1F160    1F160      10A         0
                text96                             160E     160E       56         0
                text95                             24BA     24BA       10         0
                text94                            1FF76    1FF76       88         0
                text93                             17E8     17E8       4A         0
                text92                              274      274       BA         0
                text91                            1FD04    1FD04       D6         0
                text90                             1CF0     1CF0       3E         0
                text89                             190E     190E       48         0
                text88                             11F2     11F2       66         0
                text87                             1186     1186       6C         0
                text86                            1F054    1F054      10C         0
                text85                             1A2A     1A2A       46         0
                text84                            1F574    1F574      102         0
                text83                             2098     2098       2E         0
                text82                              AB6      AB6       8C         0
                text81                             2532     2532        6         0
                text80                             252C     252C        6         0
                text79                             254C     254C        4         0
                text78                             2548     2548        4         0
                text77                             2544     2544        4         0
                text76                             2526     2526        6         0
                text75                             2520     2520        6         0
                text74                             251A     251A        6         0
                text73                             2514     2514        6         0
                text72                            1D36C    1D36C      1F2         0
                text71                            1D178    1D178      1F4         0
                text70                              DD6      DD6       80         0
                text69                             20F4     20F4       2A         0
                text68                              3E6      3E6       B6         0
                text67                            1EA44    1EA44      150         0
                text66                              54C      54C       AA         0
                text65                             1EC6     1EC6       38         0
                text64                             2442     2442       14         0
                text63                            1C602    1C602      294         0
                text62                              E56      E56       7A         0
                text61                            1CD24    1CD24      240         0
                text60                             1B32     1B32       40         0
                text59                             1AF2     1AF2       40         0
                text58                            1D74C    1D74C      1E2         0
                text57                              49C      49C       B0         0
                text56                             24DA     24DA        E         0
                text55                             2504     2504        8         0
                text54                            1E8F4    1E8F4      150         0
                text53                            1F966    1F966       F4         0
                text52                              A2A      A2A       8C         0
                text51                             2552     2552        2         0
                text50                            1E620    1E620      16C         0
                text49                             1CB2     1CB2       3E         0
                text48                              73A      73A       A0         0
                text47                             19E4     19E4       46         0
                text46                             1F6A     1F6A       34         0
                text45                               1C       1C       CE         0
                text44                            1FEA8    1FEA8       CE         0
                text43                            1FDDA    1FDDA       CE         0
                text42                             179E     179E       4A         0
                text41                             18C6     18C6       48         0
                text40                            1D92E    1D92E      1C2         0
                text39                              876      876       94         0
                text38                              BCE      BCE       84         0
                text37                             13E6     13E6       60         0
                text36                            1E310    1E310      18A         0
                text35                              C52      C52       82         0
                text34                             199E     199E       46         0
                text33                            15898    15898      FEA         0
                text32                             1EFE     1EFE       36         0
                text31                            1E49A    1E49A      186         0
                text30                            1DCA0    1DCA0      1AE         0
                text29                            1F676    1F676      100         0
                text28                             1754     1754       4A         0
                text27                             1708     1708       4C         0
                text26                             23EA     23EA       16         0
                text25                              D56      D56       80         0
                text24                            1EE1C    1EE1C      126         0
                text23                            1C896    1C896      24E         0
                text22                             23D4     23D4       16         0
                text21                             211E     211E       28         0
                text20                            1FB42    1FB42       E6         0
                text19                              99C      99C       8E         0
                text18                             2146     2146       26         0
                text17                            1C0A4    1C0A4      2C4         0
                text16                            1F472    1F472      102         0
                text15                            1C368    1C368      29A         0
                text14                            1E17E    1E17E      192         0
                text13                            1A4DA    1A4DA      550         0
                text12                            1BD4A    1BD4A      35A         0
                text11                            18318    18318      7B8         0
                text10                             2550     2550        2         0
                text9                             1CAE4    1CAE4      240         0
                text8                             1DE4E    1DE4E      19C         0
                text7                             141AA    141AA     16EE         0
                text6                              155C     155C       5A         0
                text5                              22D0     22D0       20         0
                text4                              1324     1324       62         0
                text3                              206A     206A       2E         0
                text2                             1B3E8    1B3E8      4D0         0
                text1                              1502     1502       5A         0
                text0                             10000    10000     41AA         0
                cinit                             1ECDA    1ECDA      142         0
                idataBANK9                         14A6     14A6       5C         0
                idataBANK8                         203A     203A       30         0
                idataBANK7                        1FC28    1FC28       DC         0
                idataBANK6                         1386     1386       60         0
                idataBANK5                         1AB2     1AB2       40         0
                idataBANK1                        1FFFE    1FFFE        2         0

        CLASS   CONST          

        CLASS   SMALLCONST     

        CLASS   MEDIUMCONST    
                mediumconst                        BD30     BD30     42D0         0

        CLASS   COMRAM         
                cstackCOMRAM                         22       22       20         1
                bssCOMRAM                             1        1       21         1

        CLASS   ABS1           

        CLASS   BIGRAM         

        CLASS   RAM            

        CLASS   BANK0          
                cstackBANK0                          60       60       74         1
                bssBANK0                             D4       D4       26         1

        CLASS   BANK1          
                cstackBANK1                         1BF      1BF       2C         1
                dataBANK1                           1F4      1F4        2         1
                bssBANK1                            100      100       BF         1
                nvBANK1                             1EB      1EB        9         1

        CLASS   BANK2          
                bssBANK2                            200      200       FE         1

        CLASS   BANK3          
                bssBANK3                            300      300       F3         1

        CLASS   BANK4          
                bssBANK4                            400      400       F8         1

        CLASS   BANK5          
                dataBANK5                           59A      59A       40         1
                bssBANK5                            500      500       9A         1

        CLASS   BANK6          
                dataBANK6                           696      696       60         1
                bssBANK6                            600      600       96         1

        CLASS   BANK7          
                dataBANK7                           700      700       DC         1

        CLASS   BANK8          
                cstackBANK8                         880      880       36         1
                dataBANK8                           8B6      8B6       30         1
                bssBANK8                            800      800       80         1

        CLASS   BANK9          
                dataBANK9                           968      968       5C         1
                bssBANK9                            900      900       68         1

        CLASS   BANK10         
                bssBANK10                           A00      A00       68         1

        CLASS   BANK11         

        CLASS   BANK12         

        CLASS   BANK13         

        CLASS   BANK14         

        CLASS   BANK15         

        CLASS   SFR            

        CLASS   FARRAM         

        CLASS   CONFIG         
                config                           300000   300000        A         0

        CLASS   IDLOC          

        CLASS   EEDATA         



SEGMENTS        Name                           Load    Length   Top    Selector   Space  Class

                reset_vec                      000000  000004  000004         0       0  CODE    
                bssCOMRAM                      000001  000041  000042         1       1  COMRAM  
                intcode                        000008  00254C  002554         4       0  CODE    
                cstackBANK0                    000060  00009A  0000FA        60       1  BANK0   
                bssBANK1                       000100  0000F6  0001F6       100       1  BANK1   
                bssBANK2                       000200  0000FE  0002FE       200       1  BANK2   
                bssBANK3                       000300  0000F3  0003F3       300       1  BANK3   
                bssBANK4                       000400  0000F8  0004F8       400       1  BANK4   
                bssBANK5                       000500  0000DA  0005DA       500       1  BANK5   
                bssBANK6                       000600  0000F6  0006F6       600       1  BANK6   
                dataBANK7                      000700  0000DC  0007DC       700       1  BANK7   
                bssBANK8                       000800  0000E6  0008E6       800       1  BANK8   
                bssBANK9                       000900  0000C4  0009C4       900       1  BANK9   
                bssBANK10                      000A00  000068  000A68       A00       1  BANK10  
                mediumconst                    00BD30  0042D0  010000      5E98       0  MEDIUMCO
                text0                          010000  010000  020000      8000       0  CODE    
                config                         300000  00000A  30000A    300000       0  CONFIG  


UNUSED ADDRESS RANGES

        Name                Unused          Largest block    Delta
        BANK0            0000FA-0000FF                6
        BANK1            0001F6-0001FF                A
        BANK10           000A68-000AFF               98
        BANK11           000B00-000BFF              100
        BANK12           000C00-000CFF              100
        BANK13           000D00-000DFF              100
        BANK14           000E00-000EFF              100
        BANK15           000F00-000F5F               60
        BANK2            0002FE-0002FF                2
        BANK3            0003F3-0003FF                D
        BANK4            0004F8-0004FF                8
        BANK5            0005DA-0005FF               26
        BANK6            0006F6-0006FF                A
        BANK7            0007DC-0007FF               24
        BANK8            0008E6-0008FF               1A
        BANK9            0009C4-0009FF               3C
        BIGRAM           000042-00005F               1E
                         0000FA-0000FF                6
                         0001F6-0001FF                A
                         0002FE-0002FF                2
                         0003F3-0003FF                D
                         0004F8-0004FF                8
                         0005DA-0005FF               26
                         0006F6-0006FF                A
                         0007DC-0007FF               24
                         0008E6-0008FF               1A
                         0009C4-0009FF               3C
                         000A68-000F5F              4F8
        CODE             000004-000007                4
                         002554-00BD2F             97DC
        COMRAM           000042-00005F               1E
        CONFIG           30000A-30000D                4
        CONST            000004-000007                4
                         002554-00BD2F             97DC
        EEDATA           F00000-F003FF              400
        IDLOC            200000-200007                8
        MEDIUMCONST      002554-00BD2F             97DC
        RAM              0000FA-0000FF                6
                         0001F6-0001FF                A
                         0002FE-0002FF                2
                         0003F3-0003FF                D
                         0004F8-0004FF                8
                         0005DA-0005FF               26
                         0006F6-0006FF                A
                         0007DC-0007FF               24
                         0008E6-0008FF               1A
                         0009C4-0009FF               3C
                         000A68-000F5F              100
        SFR              000F60-000FFF               A0
        SMALLCONST       002554-00BD2F              100
        STACK            000A68-000F5F              4F8

                                  Symbol Table

?_BatteryAverage                cstackBANK0  000067
?_FeedPwm2Sec                   cstackBANK0  000060
?_GetMtrResponse                cstackBANK0  000060
?_ReadCapture1                  cstackCOMRAM 000022
?_ReadCapture2                  cstackCOMRAM 000022
?_SpeedInRange                  cstackBANK0  000060
?___aldiv                       cstackBANK0  000060
?___awdiv                       cstackBANK0  000072
?___awmod                       cstackBANK0  000072
?___lldiv                       cstackBANK0  000060
?___lmul                        cstackBANK0  000060
?___lwdiv                       cstackBANK0  000060
?___lwmod                       cstackBANK0  000060
?___wmul                        cstackBANK0  000060
?_atoh                          cstackBANK0  000064
?_parse_next                    cstackBANK0  00007C
?_rand                          cstackBANK0  00006C
?_rbuf_bct                      cstackBANK0  000060
?_strchr                        cstackBANK0  000060
?_strlen                        cstackBANK0  000060
?i2_rbuf_bct                    cstackCOMRAM 000022
BatteryAverage@BatAvgVal        cstackBANK0  000073
BatteryAverage@i                cstackBANK0  000075
BatteryAverage@j                cstackBANK0  000071
BatteryAverage@maxVal           cstackBANK0  00006F
BatteryAverage@minVal           cstackBANK0  00006D
BatteryAverage@val              cstackBANK0  000067
BuildCmd@args                   cstackBANK0  000068
BuildCmd@checksum               cstackBANK0  000073
BuildCmd@cnt                    cstackBANK0  000066
BuildCmd@code                   cstackBANK0  000064
BuildCmd@cptr                   cstackBANK0  000071
BuildCmd@i                      cstackBANK0  000074
BuildCmd@val                    cstackBANK0  00006D
CalcBotPwm@SpdDir               cstackBANK0  000082
CalcBotPwm@TooFast              cstackBANK0  00007E
CalcBotPwm@abs_delta            cstackBANK0  000086
CalcBotPwm@abs_delta1           cstackBANK0  00008A
CalcBotPwm@delta                cstackBANK0  00008C
CalcBotPwm@drift                cstackBANK0  00008E
CalcBotPwm@drift1               cstackBANK0  000084
CalcBotPwm@incr                 cstackBANK0  000088
CalcBotPwm@ix                   cstackBANK0  00007C
CalcBotPwm@rbot_last_delta      cstackBANK0  00007A
CalcBotPwm@rbot_last_delta1     cstackBANK0  000080
CalcLimits@SpdLimit             cstackBANK0  00006A
CalcLimits@count                cstackBANK0  000066
CalcLimits@i                    cstackBANK0  000070
CalcTopPwm@SpdDir               cstackBANK0  000077
CalcTopPwm@TooFast              cstackBANK0  000073
CalcTopPwm@abs_delta            cstackBANK0  00007B
CalcTopPwm@abs_delta1           cstackBANK0  00007F
CalcTopPwm@delta                cstackBANK0  000081
CalcTopPwm@drift                cstackBANK0  000083
CalcTopPwm@drift1               cstackBANK0  000079
CalcTopPwm@incr                 cstackBANK0  00007D
CalcTopPwm@ix                   cstackBANK0  000071
CalcTopPwm@rtop_last_delta      cstackBANK0  00006F
CalcTopPwm@rtop_last_delta1     cstackBANK0  000075
CheckBattery@val                cstackBANK0  00007A
ChipDeSelect@dev                cstackBANK0  000060
ChipReserve@dev                 cstackBANK0  000060
ChipSelect@dev                  cstackBANK0  000060
CurShot_diag@args               cstackBANK0  000078
CurShot_diag@code               cstackBANK0  000076
Delay10KTCYx@unit               cstackBANK0  000061
Delay1KTCYx@unit                cstackBANK0  000060
DisableSlaveSPI@c               cstackBANK0  000077
DisableSlaveSPI@c1              cstackBANK0  000076
FeedPwm2Sec@feed                cstackBANK0  000060
FeedPwm2Sec@i                   cstackBANK0  00006C
FillDiagBuf@c                   cstackBANK0  000067
FillDiagBuf@ct                  cstackBANK0  000065
GetMtrResponse@rc               cstackBANK0  000064
NxtShot_diag@args               cstackBANK0  000078
NxtShot_diag@code               cstackBANK0  000076
Open1USART@config               cstackBANK0  000065
Open1USART@spbrg                cstackBANK0  000060
Open2USART@config               cstackBANK0  000065
Open2USART@spbrg                cstackBANK0  000060
OpenCapture1@config             cstackBANK0  000060
OpenCapture2@ccp2mx             cstackBANK0  000061
OpenCapture2@config             cstackBANK0  000062
OpenPWM3@period                 cstackBANK0  000060
OpenPWM4@period                 cstackBANK0  000060
OpenPWM5@period                 cstackBANK0  000060
OpenSPI1@bus_mode               cstackBANK0  000060
OpenSPI1@smp_phase              cstackBANK0  000061
OpenSPI1@sync_mode              cstackBANK0  000062
OpenTimer0@config               cstackBANK0  000060
OpenTimer1@config               cstackBANK0  000060
OpenTimer3@config               cstackBANK0  000060
OpenTimer4@config               cstackBANK0  000060
OpenXLCD@lcdtype                cstackBANK0  000062
PL10                            text0        0138C4
PL100                           text103      01B382
PL102                           text0        013B12
PL104                           text174      01D118
PL106                           text11       018A4E
PL108                           text0        013B2E
PL110                           text12       01BFC4
PL112                           text0        013B40
PL114                           text0        013B4E
PL116                           text33       01663A
PL118                           text7        015600
PL12                            text0        0138F2
PL120                           text14       01E2E0
PL122                           text7        015610
PL124                           text12       01BFD8
PL126                           text33       01665C
PL128                           text33       016678
PL130                           text7        01561E
PL132                           text24       01EECA
PL134                           text0        013BE0
PL136                           text33       01668E
PL138                           text33       0166BA
PL14                            text0        013900
PL140                           text12       01C002
PL142                           text33       0166F8
PL144                           text11       018A5C
PL146                           text7        015634
PL148                           text101      01ECB8
PL150                           text0        013C0C
PL152                           text0        013C36
PL154                           text11       018A72
PL156                           text7        015642
PL158                           text13       01A954
PL16                            text0        013920
PL160                           text33       016714
PL162                           text12       01C020
PL164                           text119      01BCEE
PL166                           text0        013C42
PL168                           text7        015652
PL170                           text7        01566C
PL172                           text100      017216
PL174                           text0        013C86
PL176                           text33       01672A
PL178                           text7        015688
PL18                            text0        013934
PL180                           text23       01CAB8
PL182                           text0        013CB6
PL184                           text0        013CCC
PL186                           text7        015696
PL188                           text11       018A86
PL190                           text7        0156AC
PL192                           text100      017232
PL194                           text0        013D1E
PL196                           text92       00030A
PL198                           text0        013D2E
PL2                             text0        0137B4
PL20                            text0        013952
PL200                           text91       01FDA6
PL202                           text8        01DFBC
PL204                           text17       01C2CE
PL206                           text58       01D8F2
PL208                           text0        013D58
PL210                           text0        013D72
PL212                           text112      019026
PL214                           text180      01A38E
PL216                           text184      01969E
PL218                           text104      019D34
PL22                            text144      01D724
PL220                           text112      01903A
PL222                           text20       01FC18
PL224                           text104      019D48
PL226                           text184      0196B2
PL228                           text180      01A3A2
PL230                           text50       01E758
PL232                           text174      01D134
PL234                           text8        01DFDC
PL236                           text112      019056
PL238                           text104      019D64
PL24                            text0        013974
PL240                           text184      0196CE
PL242                           text180      01A3BE
PL244                           text7        0156BC
PL246                           text0        013D84
PL248                           text45       0000C8
PL250                           text44       01FF54
PL252                           text7        0156CA
PL254                           text7        0156DA
PL256                           text43       01FE86
PL258                           text0        013D8E
PL26                            text0        013984
PL260                           text0        013DCA
PL262                           text13       01A964
PL264                           text7        0156FC
PL266                           text100      017242
PL268                           text100      017262
PL270                           text58       01D908
PL272                           text113      01F32A
PL274                           text171      017A54
PL276                           text33       01673A
PL278                           text170      018240
PL28                            text0        01399E
PL280                           text92       000318
PL282                           text33       016758
PL284                           text33       01676E
PL286                           text7        01571C
PL288                           text100      017270
PL290                           text91       01FDB4
PL292                           text100      0172A4
PL294                           text0        013DDE
PL296                           text119      01BD12
PL298                           text0        013DEE
PL30                            text0        0139AC
PL300                           text33       016784
PL302                           text0        013E00
PL304                           text33       016796
PL306                           text170      01825E
PL308                           text100      0172BA
PL310                           text171      017A72
PL312                           text40       01DAA2
PL314                           text0        013E12
PL316                           text13       01A97C
PL318                           text0        013E26
PL32                            text7        015554
PL320                           text17       01C31A
PL322                           text7        015732
PL324                           text40       01DABE
PL326                           text17       01C32E
PL328                           text0        013E3A
PL330                           text12       01C042
PL332                           text0        013E4A
PL334                           text17       01C348
PL336                           text180      01A3E0
PL338                           text40       01DAD8
PL34                            text7        01556A
PL340                           text7        01574C
PL342                           text184      0196F0
PL344                           text0        013E5A
PL346                           text33       0167A8
PL348                           text0        013E68
PL350                           text7        015764
PL352                           text17       01C356
PL354                           text9        01CCF4
PL356                           text86       01F14E
PL358                           text0        013E7A
PL36                            text11       0189DC
PL360                           text119      01BD28
PL362                           text171      017A8E
PL364                           text71       01D338
PL366                           text9        01CD06
PL368                           text110      01AEBC
PL370                           text103      01B39A
PL372                           text104      019D86
PL374                           text100      0172C8
PL376                           text33       0167B8
PL378                           text112      019078
PL38                            text33       016602
PL380                           text0        013EA2
PL382                           text11       018AB2
PL384                           text0        013EB0
PL386                           text103      01B3BE
PL388                           text110      01AEE0
PL390                           text53       01FA4C
PL392                           text31       01E5F8
PL394                           text98       0012AC
PL396                           text0        013EBC
PL398                           text0        013ECC
PL4                             text0        0137F4
PL40                            text33       01662A
PL400                           text30       01DE26
PL402                           text170      01827A
PL404                           text63       01C862
PL406                           text171      017A9E
PL408                           text33       0167DC
PL410                           text13       01A9AC
PL412                           text0        013EDC
PL414                           text0        013EE8
PL416                           text171      017AC0
PL418                           text0        013EFA
PL42                            text0        0139BC
PL420                           text0        013F1A
PL422                           text170      01829C
PL424                           text12       01C052
PL426                           text170      0182BA
PL428                           text171      017AE0
PL430                           text7        015776
PL432                           text12       01C06E
PL434                           text33       0167EA
PL436                           text170      0182CC
PL438                           text7        015788
PL44                            text0        0139FE
PL440                           text33       0167FC
PL442                           text171      017AF2
PL444                           text13       01A9C0
PL446                           text184      019708
PL448                           text33       01680E
PL450                           text180      01A3F8
PL452                           text58       01D912
PL454                           text0        013F2C
PL456                           text119      01BD3C
PL458                           text100      0172EC
PL46                            text7        015574
PL460                           text184      019724
PL462                           text180      01A414
PL464                           text88       00123E
PL466                           text7        01579A
PL468                           text61       01CF3A
PL470                           text100      017306
PL472                           text112      01909C
PL474                           text14       01E2F4
PL476                           text13       01A9D2
PL478                           text14       01E302
PL48                            text0        013A0C
PL480                           text50       01E768
PL482                           text104      019DAA
PL484                           text13       01A9EC
PL486                           text111      000FA0
PL488                           text100      017320
PL490                           text113      01F33C
PL492                           text104      019DC4
PL494                           text112      0190B6
PL496                           text7        0157B4
PL498                           text0        013F3A
PL50                            text7        01558E
PL500                           text7        0157CE
PL502                           text15       01C5E2
PL504                           text91       01FDCA
PL506                           text11       018AC0
PL508                           text31       01E610
PL510                           text9        01CD14
PL512                           text0        013F4E
PL514                           text100      01733A
PL516                           text30       01DE3E
PL518                           text0        013F5E
PL52                            text0        013A1A
PL520                           text0        013F76
PL522                           text0        013F8E
PL524                           text0        013FA6
PL526                           text171      017B04
PL528                           text0        013FBE
PL530                           text170      0182DE
PL532                           text113      01F356
PL534                           text54       01EA1A
PL536                           text7        0157DE
PL538                           text2        01B894
PL54                            text0        013A2A
PL540                           text13       01AA06
PL542                           text145      000186
PL544                           text180      01A42E
PL546                           text112      0190D0
PL548                           text184      01973E
PL550                           text0        013FD6
PL552                           text104      019DDE
PL554                           text12       01C07E
PL556                           text184      019754
PL558                           text180      01A444
PL56                            text7        0155AE
PL560                           text0        013FEC
PL562                           text112      0190E6
PL564                           text23       01CAC6
PL566                           text0        013FFA
PL568                           text171      017B1C
PL570                           text104      019DF4
PL572                           text170      0182F6
PL574                           text123      001F5C
PL576                           text164      01E8D6
PL578                           text0        014008
PL58                            text101      01ECAA
PL580                           text0        01401C
PL582                           text33       01681C
PL584                           text54       01EA32
PL586                           text63       01C884
PL588                           text104      019E00
PL590                           text112      0190F2
PL592                           text50       01E77A
PL594                           text180      01A45A
PL596                           text112      019104
PL598                           text0        014030
PL6                             text0        013836
PL60                            text0        013A38
PL600                           text0        014042
PL602                           text36       01E476
PL604                           text104      019E12
PL606                           text33       016830
PL608                           text174      01D14E
PL610                           text184      01976A
PL612                           text7        0157F6
PL614                           text7        015808
PL616                           text180      01A46C
PL618                           text36       01E488
PL62                            text110      01AE56
PL620                           text104      019E24
PL622                           text184      01977C
PL624                           text112      019116
PL626                           text7        01581A
PL628                           text0        014054
PL630                           text145      00019C
PL632                           text101      01ECCE
PL634                           text171      017B2A
PL636                           text170      018304
PL638                           text0        014066
PL64                            text103      01B334
PL640                           text180      01A47E
PL642                           text180      01A48E
PL644                           text23       01CAD4
PL646                           text173      000678
PL648                           text0        014072
PL650                           text0        014082
PL652                           text7        015828
PL654                           text112      019128
PL656                           text0        014092
PL658                           text110      01AEEC
PL66                            text0        013A72
PL660                           text0        0140A2
PL662                           text177      00071A
PL664                           text184      01978E
PL666                           text104      019E36
PL668                           text152      0003D6
PL670                           text0        0140B2
PL672                           text72       01D540
PL674                           text0        0140C2
PL676                           text173      000688
PL678                           text180      01A49E
PL68                            text20       01FBB6
PL680                           text144      01D73C
PL682                           text7        015838
PL684                           text184      01979E
PL686                           text145      0001A6
PL688                           text0        0140D2
PL690                           text184      0197AE
PL692                           text112      019138
PL694                           text164      01E8E4
PL696                           text61       01CF54
PL698                           text112      019148
PL70                            text0        013A9A
PL700                           text184      0197BE
PL702                           text7        015848
PL704                           text12       01C094
PL706                           text33       016842
PL708                           text15       01C5F2
PL710                           text177      00072A
PL712                           text0        0140E2
PL714                           text104      019E46
PL716                           text29       01F766
PL718                           text0        0140F2
PL72                            text13       01A944
PL720                           text104      019E56
PL722                           text180      01A4AE
PL724                           text0        014102
PL726                           text103      01B3CA
PL728                           text171      017B36
PL730                           text170      018310
PL732                           text13       01AA1C
PL734                           text7        015858
PL736                           text0        014112
PL738                           text0        014120
PL74                            text0        013AB6
PL740                           text107      000266
PL742                           text110      01AEFC
PL744                           text108      01F046
PL746                           text72       01D550
PL748                           text7        015864
PL750                           text0        01412E
PL752                           text7        01586E
PL754                           text0        01413C
PL756                           text106      01F958
PL758                           text0        01414A
PL76                            text110      01AE7A
PL760                           text0        014158
PL762                           text103      01B3DA
PL764                           text2        01B8AA
PL766                           text7        01587C
PL768                           text174      01D160
PL770                           text7        01588A
PL772                           text71       01D35E
PL774                           text0        014166
PL776                           text0        014174
PL778                           text63       01C88E
PL78                            text103      01B358
PL780                           text0        014182
PL782                           text174      01D16E
PL784                           text184      0197CE
PL786                           text147      01F460
PL788                           text180      01A4BE
PL790                           text33       016852
PL792                           text104      019E66
PL794                           text184      0197D6
PL796                           text0        01418C
PL798                           text180      01A4C6
PL8                             text0        01387E
PL80                            text7        0155BC
PL800                           text112      019158
PL802                           text147      01F46A
PL804                           text33       01685C
PL806                           text180      01A4D0
PL808                           text0        014196
PL810                           text33       016862
PL812                           text0        0141A0
PL814                           text33       016868
PL816                           text184      0197E0
PL818                           text33       01686E
PL82                            text20       01FBE4
PL820                           text33       016874
PL822                           text33       01687C
PL84                            text0        013AF6
PL86                            text11       018A10
PL88                            text7        0155E2
PL90                            text0        013B04
PL92                            text110      01AE8C
PL94                            text7        0155F0
PL96                            text103      01B36A
PL98                            text110      01AEA4
PgaGain@chan                    cstackBANK0  000064
PgaGain@gain                    cstackBANK0  000066
Read1USART@data                 cstackBANK0  000060
Read2USART@data                 cstackBANK0  000060
ReadCapture1@Cap                cstackCOMRAM 000024
ReadCapture2@Cap                cstackCOMRAM 000024
RemoteSaveDrill@i               cstackBANK0  000086
RemoteSaveDrill@j               cstackBANK0  000085
SEERead@addr                    cstackBANK0  000064
SEERead@data                    cstackBANK0  000069
SEEWrite@addr                   cstackBANK0  000064
SEEWrite@data                   cstackBANK0  000066
SEEWrite@status                 cstackBANK0  00006A
SetBotPwm@delta                 cstackBANK0  000077
SetBotPwm@drift                 cstackBANK0  000071
SetBotPwm@drift1                cstackBANK0  00006F
SetBotPwm@i                     cstackBANK0  000075
SetBotPwm@incr                  cstackBANK0  000073
SetDCPWM3@DCycle                cstackBANK0  000064
SetDCPWM3@dutycycle             cstackBANK0  000060
SetDCPWM4@DCycle                cstackBANK0  000064
SetDCPWM4@dutycycle             cstackBANK0  000060
SetDCPWM5@DCycle                cstackBANK0  000064
SetDCPWM5@dutycycle             cstackBANK0  000060
SetDDRamAddr@DDaddr             cstackBANK0  000060
SetFeedImm@feedpwm              cstackBANK0  00006B
SetFeedRate@feedpwm             cstackBANK0  00006B
SetTopPwm@delta                 cstackBANK0  000077
SetTopPwm@drift                 cstackBANK0  000071
SetTopPwm@drift1                cstackBANK0  00006F
SetTopPwm@i                     cstackBANK0  000075
SetTopPwm@incr                  cstackBANK0  000073
Setup@ix                        cstackBANK0  000078
SlowFeedMtr@flag                cstackBANK0  000066
StartBot@delta                  cstackBANK0  000092
StartBot@ix                     cstackBANK0  000094
StartBot@val                    cstackBANK0  00007A
StartElevRandom@arg             cstackBANK0  000091
StartElevRandom@limit_bot       cstackBANK0  000083
StartElevRandom@limit_top       cstackBANK0  000081
StartElevRandom@speed           cstackBANK0  00007F
StartFeed@ptr                   cstackBANK0  000074
StartFeedCont@feedpwm           cstackBANK0  00006B
StartSweepRandom@arg            cstackBANK0  000091
StartSweepRandom@limit_l        cstackBANK0  000083
StartSweepRandom@limit_r        cstackBANK0  000081
StartSweepRandom@speed          cstackBANK0  00007F
StartTop@delta                  cstackBANK0  000092
StartTop@ix                     cstackBANK0  000094
StartTop@val                    cstackBANK0  00007A
StopBotMtr@ptr                  cstackBANK0  000068
StopFeedMtr@ptr                 cstackBANK0  000068
StopTopMtr@ptr                  cstackBANK0  000068
SvcShots@StartXTime             bssBANK1     000106
SvcShots@arg                    cstackBANK0  0000A5
SvcShots@curx                   cstackBANK0  00009F
SvcShots@delta                  cstackBANK0  0000A1
SvcShots@feed_rate_hs           bssBANK2     00021E
SvcShots@lastx                  cstackBANK0  00009D
UpdTopPer@top_delta1            cstackBANK0  000077
Write2USART@data                cstackBANK0  000060
WriteCmdXLCD@cmd                cstackBANK0  000060
WriteDataXLCD@data              cstackBANK0  000060
WriteSPI1@data_out              cstackBANK0  000060
_ADCON0                         (abs)        000FC2
_ADCON0bits                     (abs)        000FC2
_ADCON1                         (abs)        000FC1
_ADCON2                         (abs)        000FC0
_ADRESH                         (abs)        000FC4
_ADRESL                         (abs)        000FC3
_Advanced_locs                  mediumconst  00EAD3
_BAT_CurSenseCt                 bssBANK1     000162
_BAT_TripPoint                  bssBANK2     000256
_BAT_TripTime                   bssBANK1     00012C
_BAT_lastval                    bssBANK2     000258
_BAUDCON2                       (abs)        000F7C
_BDM_CurSenseCt                 bssBANK2     00024A
_BDM_TripPoint                  bssBANK2     000200
_BDM_TripTime                   bssBANK2     000206
_BallElapsedHalfSec             bssBANK0     0000D4
_BallElapsedTicks               bssBANK1     000163
_BallTimerOn                    bssBANK1     000164
_BatAvg                         bssBANK5     000500
_BatAvgCnt                      bssBANK1     000165
_BatLevelDisplay                bssBANK1     000166
_BatLevelDisplayTmr             bssBANK1     000167
_BatPercent                     bssBANK2     00025A
_BatteryAverage                 text174      01CF64
_Beginner_locs                  mediumconst  00EB0F
_BotSpdLimit                    bssBANK2     0002EE
_BuildCmd                       text164      01E78C
_BusyXLCD                       text130      002248
_CCP1CON                        (abs)        000FBD
_CCP2CON                        (abs)        000FBA
_CCP3CON                        (abs)        000FB7
_CCP4CON                        (abs)        000F73
_CCP5CON                        (abs)        000F70
_CCPR1H                         (abs)        000FBF
_CCPR1L                         (abs)        000FBE
_CCPR2H                         (abs)        000FBC
_CCPR2L                         (abs)        000FBB
_CCPR3L                         (abs)        000FB8
_CCPR4L                         (abs)        000F74
_CCPR5L                         (abs)        000F71
_CalcBotPwm                     text171      01734A
_CalcBotPwm$2464                cstackBANK0  000070
_CalcBotPwm$2465                cstackBANK0  000078
_CalcBotPwm$2466                cstackBANK0  000074
_CalcLimits                     text113      01F26A
_CalcTopPwm                     text170      017B3E
_CalcTopPwm$2441                cstackBANK0  000065
_CalcTopPwm$2442                cstackBANK0  00006D
_CalcTopPwm$2443                cstackBANK0  000069
_CheckBattery                   text156      001664
_ChipDeSelect                   text169      001FD2
_ChipReserve                    text148      0024CA
_ChipSelect                     text168      001C32
[...]
		PL524          		CODE           	13FA6	0000	24
		PL372          		CODE           	19D86	0000	36
		PL714          		CODE           	19E46	0000	16
		PL562          		CODE           	190E6	0000	12
		PL752          		CODE           	1586E	0000	14
		PL790          		CODE           	16852	0000	10
		_sweepcols     		MEDIUMCONST    	C205	0000	14
		PL206          		CODE           	1D8F2	0000	22
		PL244          		CODE           	156BC	0000	14
		PL434          		CODE           	167EA	0000	18
		PL282          		CODE           	16758	0000	22
		PL624          		CODE           	19116	0000	18
		PL472          		CODE           	1909C	0000	26
		PL814          		CODE           	16868	0000	6
		PL662          		CODE           	071A	0000	16
		PL116          		CODE           	1663A	0000	34
		PL306          		CODE           	1825E	0000	28
		PL154          		CODE           	18A72	0000	20
		PL344          		CODE           	13E5A	0000	14
		PL192          		CODE           	17232	0000	16
		PL534          		CODE           	1EA1A	0000	24
		PL382          		CODE           	18AB2	0000	14
		PL724          		CODE           	14102	0000	16
		PL572          		CODE           	182F6	0000	14
		PL762          		CODE           	1B3DA	0000	14
		i2_rbuf_bct    		CODE           	2416	0000	22
		i2_rbuf_ins    		CODE           	0698	0000	130
		_preset_mask   		MEDIUMCONST    	C161	0000	48
		_line_start    		MEDIUMCONST    	C23F	0000	4
		_Moonballer_loc		MEDIUMCONST    	EBC3	0000	60
		PL216          		CODE           	1969E	0000	20
		PL406          		CODE           	17A9E	0000	34
		PL254          		CODE           	156DA	0000	34
		PL444          		CODE           	1A9C0	0000	18
		PL292          		CODE           	172A4	0000	22
		PL634          		CODE           	17B2A	0000	12
		PL482          		CODE           	19DAA	0000	26
		PL672          		CODE           	1D540	0000	16
		i2_rbuf_extr   		CODE           	102E	0000	116
		PL126          		CODE           	1665C	0000	28
		PL316          		CODE           	1A97C	0000	48
		PL164          		CODE           	1BCEE	0000	36
		PL506          		CODE           	18AC0	0000	16
		PL354          		CODE           	1CCF4	0000	18
		PL544          		CODE           	1A42E	0000	22
		PL392          		CODE           	1E5F8	0000	24
		PL734          		CODE           	15858	0000	12
		PL582          		CODE           	1681C	0000	20
		PL772          		CODE           	1D35E	0000	14
		_preparm1base  		MEDIUMCONST    	C1D1	0000	19
		PL226          		CODE           	196B2	0000	28
		PL416          		CODE           	17AC0	0000	32
		PL264          		CODE           	156FC	0000	32
		PL606          		CODE           	16830	0000	18
		PL454          		CODE           	13F2C	0000	14
		PL644          		CODE           	1CAD4	0000	16
		PL492          		CODE           	19DC4	0000	26
		PL682          		CODE           	15838	0000	16
		_CurSense      		MEDIUMCONST    	C105	0000	92
		_transition_loc		MEDIUMCONST    	ED67	0000	60
		PL136          		CODE           	1668E	0000	44
		PL326          		CODE           	1C32E	0000	26
		PL174          		CODE           	13C86	0000	48
		PL516          		CODE           	1DE3E	0000	16
		PL364          		CODE           	1D338	0000	38
		PL706          		CODE           	16842	0000	16
		PL554          		CODE           	1C07E	0000	22
		PL744          		CODE           	1F046	0000	14
		PL592          		CODE           	1E77A	0000	18
		PL782          		CODE           	1D16E	0000	10
		i2_WriteSPI1   		CODE           	242C	0000	22
		PL236          		CODE           	19056	0000	34
		PL426          		CODE           	182BA	0000	18
		PL274          		CODE           	17A54	0000	30
		PL616          		CODE           	1A46C	0000	18
		PL464          		CODE           	123E	0000	26
		PL806          		CODE           	1A4D0	0000	10
		PL654          		CODE           	19128	0000	16
		PL692          		CODE           	19138	0000	16
		_xtbl_EL04     		MEDIUMCONST    	E6EB	0000	384
		_flash_header  		MEDIUMCONST    	EDA3	0000	33
		PL108          		CODE           	13B2E	0000	18
		PL146          		CODE           	15634	0000	14
		PL336          		CODE           	1A3E0	0000	24
		PL184          		CODE           	13CCC	0000	82
		PL526          		CODE           	17B04	0000	24
		PL374          		CODE           	172C8	0000	36
		PL716          		CODE           	1F766	0000	16
		PL564          		CODE           	1CAC6	0000	14
		PL754          		CODE           	1413C	0000	14
		PL792          		CODE           	19E66	0000	10
		_accel_low     		MEDIUMCONST    	EE04	0000	32
		_xtbl_EL05LE2  		MEDIUMCONST    	E86B	0000	384
		PL208          		CODE           	13D58	0000	26
		PL246          		CODE           	13D84	0000	10
		PL436          		CODE           	182CC	0000	18
		PL284          		CODE           	1676E	0000	22
		PL626          		CODE           	1581A	0000	14
		PL474          		CODE           	1E2F4	0000	14
		PL816          		CODE           	197E0	0000	10
		PL664          		CODE           	1978E	0000	16
		_key2loc       		MEDIUMCONST    	BF7D	0000	288
		_base_feeds    		MEDIUMCONST    	C191	0000	32
		_space         		MEDIUMCONST    	EECD	0000	2
		_accel_low_d   		MEDIUMCONST    	EE24	0000	32
		PL118          		CODE           	15600	0000	16
		PL308          		CODE           	172BA	0000	14
		PL156          		CODE           	15642	0000	16
		PL346          		CODE           	167A8	0000	16
		PL194          		CODE           	13D1E	0000	16
		PL536          		CODE           	157DE	0000	24
		PL384          		CODE           	13EB0	0000	12
		PL726          		CODE           	1B3CA	0000	16
		PL574          		CODE           	1F5C	0000	14
		PL764          		CODE           	1B8AA	0000	14
		_Beginner_locs 		MEDIUMCONST    	EB0F	0000	60
		PL218          		CODE           	19D34	0000	20
		PL408          		CODE           	167DC	0000	14
		PL256          		CODE           	1FE86	0000	34
		PL446          		CODE           	19708	0000	28
		PL294          		CODE           	13DDE	0000	16
		PL636          		CODE           	18304	0000	12
		PL484          		CODE           	1A9EC	0000	26
		PL674          		CODE           	140C2	0000	16
		_home_loc      		MEDIUMCONST    	C213	0000	10
		_lobmach_EL05LE		MEDIUMCONST    	C232	0000	7
		PL128          		CODE           	16678	0000	22
		PL318          		CODE           	13E26	0000	20
		PL166          		CODE           	13C42	0000	68
		PL508          		CODE           	1E610	0000	16
		PL356          		CODE           	1F14E	0000	18
		PL546          		CODE           	190D0	0000	22
		PL394          		CODE           	12AC	0000	18
		PL736          		CODE           	14112	0000	14
		PL584          		CODE           	1EA32	0000	18
		PL774          		CODE           	14166	0000	14
		_Intermediate_l		MEDIUMCONST    	EB4B	0000	60
		_base_speeds   		MEDIUMCONST    	EA93	0000	64
		PL228          		CODE           	1A3A2	0000	28
		PL418          		CODE           	13EFA	0000	32
		PL266          		CODE           	17242	0000	32
		PL608          		CODE           	1D14E	0000	18
		PL456          		CODE           	1BD3C	0000	14
		PL646          		CODE           	0678	0000	16
		PL494          		CODE           	190B6	0000	26
		PL684          		CODE           	1979E	0000	16
		i2_PgaGain     		CODE           	1C72	0000	64
		PL138          		CODE           	166BA	0000	62
		PL328          		CODE           	13E3A	0000	16
		PL176          		CODE           	1672A	0000	16
		PL518          		CODE           	13F5E	0000	24
		PL366          		CODE           	1CD06	0000	14
		PL708          		CODE           	1C5F2	0000	16
		PL556          		CODE           	19754	0000	22
		PL746          		CODE           	1D550	0000	14
		PL594          		CODE           	1A45A	0000	18
		PL784          		CODE           	197CE	0000	8
		PL2            		CODE           	137B4	0000	64
		PL238          		CODE           	19D64	0000	34
		PL428          		CODE           	17AE0	0000	18
		PL276          		CODE           	1673A	0000	30
		PL618          		CODE           	1E488	0000	18
		PL466          		CODE           	1579A	0000	26
		PL808          		CODE           	14196	0000	10
		PL656          		CODE           	14092	0000	16
		PL694          		CODE           	1E8E4	0000	16
		_pre_rand      		MEDIUMCONST    	C09D	0000	104
		PL148          		CODE           	1ECB8	0000	22
		PL338          		CODE           	1DAD8	0000	24
		PL186          		CODE           	15696	0000	22
		PL528          		CODE           	13FBE	0000	24
		PL376          		CODE           	167B8	0000	36
		PL718          		CODE           	140F2	0000	16
		PL566          		CODE           	13FFA	0000	14
		PL756          		CODE           	1F958	0000	14
		PL794          		CODE           	197D6	0000	10
		_FeedStartTbl  		MEDIUMCONST    	E9EB	0000	168
		PL10           		CODE           	138C4	0000	46
		PL4            		CODE           	137F4	0000	66
		i2_DelayFor18TC		CODE           	23BA	0000	26
		PL248          		CODE           	00C8	0000	34
		PL438          		CODE           	15788	0000	18
		PL286          		CODE           	1571C	0000	22
		PL628          		CODE           	14054	0000	18
		PL476          		CODE           	1A9D2	0000	26
		PL818          		CODE           	1686E	0000	6
		PL666          		CODE           	19E36	0000	16
		_Advanced_locs 		MEDIUMCONST    	EAD3	0000	60
		PL20           		CODE           	13952	0000	34
		PL158          		CODE           	1A954	0000	16
		PL348          		CODE           	13E68	0000	18
		PL196          		CODE           	030A	0000	14
		PL538          		CODE           	1B894	0000	22
		PL386          		CODE           	1B3BE	0000	12
		PL728          		CODE           	17B36	0000	8
		PL576          		CODE           	1E8D6	0000	14
		PL766          		CODE           	1587C	0000	14
		PL30           		CODE           	139AC	0000	16
		PL6            		CODE           	13836	0000	72
		PL258          		CODE           	13D8E	0000	60
		PL448          		CODE           	1680E	0000	14
		PL296          		CODE           	1BD12	0000	22
		PL638          		CODE           	14066	0000	12
		PL486          		CODE           	0FA0	0000	26
		PL676          		CODE           	0688	0000	16
		PL40           		CODE           	1662A	0000	16
		_accel_hi      		MEDIUMCONST    	EDC4	0000	32
		PL168          		CODE           	15652	0000	26
		PL358          		CODE           	13E7A	0000	40
		PL548          		CODE           	1973E	0000	22
		PL396          		CODE           	13EBC	0000	16
		PL738          		CODE           	14120	0000	14
		PL586          		CODE           	1C884	0000	10
		PL776          		CODE           	14174	0000	14
		_crlf          		MEDIUMCONST    	EECA	0000	3
		_accel_hi_d    		MEDIUMCONST    	EDE4	0000	32

shared estimated size: 30204

lobprog.c
		_show_prog1    		CODE           	1C896	0000	546
		_show_prog2    		CODE           	1F472	0000	258
		_show_prog3    		CODE           	1C368	0000	634
		_lob_program   		CODE           	18318	0000	1732
		_show_progRPM  		CODE           	1E17E	0000	354
		_get60mph0spin 		CODE           	1FB42	0000	116

lobprog.c estimated size: 3640

C:\Program Files (x86)\Microchip\xc8\v1.33\sources\pic18\plib\Timers\t4open.c
		_OpenTimer4    		CODE           	23A0	0000	26

C:\Program Files (x86)\Microchip\xc8\v1.33\sources\pic18\plib\Timers\t4open.c estimated size: 26

master.c
		_SetTopPwm     		CODE           	197EA	0000	1354
		_pwm_debug     		CODE           	0E56	0000	122
		_nofunc        		CODE           	2552	0000	2
		_SetFeedImm    		CODE           	1186	0000	108
		_SetFeedPwm    		CODE           	1F054	0000	250
		_SetFeedRate   		CODE           	15B6	0000	88
		_StartFeedCont 		CODE           	1F870	0000	232
		_ForceShot     		CODE           	2504	0000	8
		_ee_test       		CODE           	1C602	0000	608
		_StopFeedMtr   		CODE           	1BB2	0000	64
		_ChipReserve   		CODE           	24CA	0000	16
		_stop_all      		CODE           	1EC6	0000	56
		_StartFeedAtSpd		CODE           	01B6	0000	176
		_StopBotMtr    		CODE           	1BF2	0000	64
		_CalcLimits    		CODE           	1F26A	0000	192
		_feed_diag     		CODE           	1EA44	0000	336
		_DisableSlaveSP		CODE           	0B42	0000	140
		_StopBidirMtrs 		CODE           	24E8	0000	14
		_CurShot_diag  		CODE           	1D74C	0000	422
		_debounced_remo		CODE           	1FF76	0000	136
		_main          		CODE           	10000	0000	14260
		_DelayFor18TCY 		CODE           	2386	0000	26
		_BuildCmd      		CODE           	1E78C	0000	330
		_MtrResponse   		CODE           	24DA	0000	14
		_slavecmd      		CODE           	1E8F4	0000	294
		_CalcBotPwm    		CODE           	1734A	0000	1802
		_UpdBotPer     		CODE           	1CF0	0000	62
		_EnableSlaveSPI		CODE           	1F9E	0000	52
		_SEEWrite      		CODE           	1F36E	0000	242
		_poweroff      		CODE           	0A2A	0000	140
		_debounce_power		CODE           	160E	0000	86
		_Setup         		CODE           	1B8B8	0000	1078
		_SpeedInRange  		CODE           	1832	0000	74
		_StartBot      		CODE           	1AA2A	0000	1068
		_dumpmem       		CODE           	0DD6	0000	128
		_GetMtrResponse		CODE           	0CD4	0000	130
		_ChipSelect    		CODE           	1C32	0000	64
		_FeedMtrDone   		CODE           	11F2	0000	76
		_NxtShot_diag  		CODE           	049C	0000	176
		_StopTopMtr    		CODE           	1B72	0000	64
		_abort_shot    		CODE           	1F6A	0000	52
		_isr           		CODE           	0008	0000	123254
		_exec_diag     		CODE           	1E620	0000	312
		_UpdTopPer     		CODE           	1D36C	0000	468
		_FillDiagBuf   		CODE           	032E	0000	168
		_SlowFeedMtr   		CODE           	0F46	0000	90
		_SlvTimeOut    		CODE           	2538	0000	6
		_StartTop      		CODE           	1AF0A	0000	1066
		_sweep_diag    		CODE           	1B32	0000	64
		_FeedPwm2Sec   		CODE           	07DA	0000	156
		_DelayPORXLCD  		CODE           	253E	0000	6
		_setmem        		CODE           	20F4	0000	42
		_a2d_diag      		CODE           	1CD24	0000	534
		_bot_diag      		CODE           	054C	0000	170
		_RemoteSaveDril		CODE           	1D55E	0000	454
		_CalcTopPwm    		CODE           	17B3E	0000	1794
		_top_diag      		CODE           	1D178	0000	448
		_kbdiag        		CODE           	1F966	0000	230
		_SvcShots      		CODE           	16882	0000	2452
		_ChipDeSelect  		CODE           	1FD2	0000	52
		_CheckBattery  		CODE           	1664	0000	86
		_SetBotPwm     		CODE           	18AD0	0000	1366
		_parse_next    		CODE           	0AB6	0000	140
		_PgaGain       		CODE           	17E8	0000	74
		_BatteryAverage		CODE           	1CF64	0000	436
		_chip_select   		CODE           	2442	0000	20
		_spitest       		CODE           	03E6	0000	182
		_elev_diag     		CODE           	1AF2	0000	64
		_StartFeed     		CODE           	1EF42	0000	260
		_StartSweepRand		CODE           	10A2	0000	114
		_StartElevRando		CODE           	1114	0000	114
		_SEERead       		CODE           	190E	0000	72

master.c estimated size: 159300

C:\Program Files (x86)\Microchip\xc8\v1.33\sources\common\aldiv.c
		___aldiv       		CODE           	1FA5A	0000	232

C:\Program Files (x86)\Microchip\xc8\v1.33\sources\common\aldiv.c estimated size: 232

../xlcd/busyxlcd.c
		_BusyXLCD      		CODE           	2248	0000	34

../xlcd/busyxlcd.c estimated size: 34

C:\Program Files (x86)\Microchip\xc8\v1.33\sources\common\toupper.c
		_toupper       		CODE           	246A	0000	20

C:\Program Files (x86)\Microchip\xc8\v1.33\sources\common\toupper.c estimated size: 20

C:\Program Files (x86)\Microchip\xc8\v1.33\sources\pic18\plib\Timers\t3close.c
		_CloseTimer3   		CODE           	251A	0000	6

C:\Program Files (x86)\Microchip\xc8\v1.33\sources\pic18\plib\Timers\t3close.c estimated size: 6

C:\Program Files (x86)\Microchip\xc8\v1.33\sources\common\strlen.c
		_strlen        		CODE           	1A2A	0000	70

C:\Program Files (x86)\Microchip\xc8\v1.33\sources\common\strlen.c estimated size: 70

varinit.c
		_varinit       		CODE           	1DAF0	0000	432

varinit.c estimated size: 432

C:\Program Files (x86)\Microchip\xc8\v1.33\sources\common\itoa.c
		_itoa          		CODE           	19E4	0000	70
		_utoa          		CODE           	073A	0000	160

C:\Program Files (x86)\Microchip\xc8\v1.33\sources\common\itoa.c estimated size: 230

C:\Program Files (x86)\Microchip\xc8\v1.33\sources\pic18\plib\Timers\t0open.c
		_OpenTimer0    		CODE           	2330	0000	30

C:\Program Files (x86)\Microchip\xc8\v1.33\sources\pic18\plib\Timers\t0open.c estimated size: 30

C:\Program Files (x86)\Microchip\xc8\v1.33\sources\common\strchr.c
		_strchr        		CODE           	2098	0000	46

C:\Program Files (x86)\Microchip\xc8\v1.33\sources\common\strchr.c estimated size: 46

C:\Program Files (x86)\Microchip\xc8\v1.33\sources\common\strcpy.c
		_strcpy        		CODE           	179E	0000	74

C:\Program Files (x86)\Microchip\xc8\v1.33\sources\common\strcpy.c estimated size: 74

C:\Program Files (x86)\Microchip\xc8\v1.33\sources\pic18\plib\PWM\pw5close.c
		_ClosePWM5     		CODE           	2544	0000	4

C:\Program Files (x86)\Microchip\xc8\v1.33\sources\pic18\plib\PWM\pw5close.c estimated size: 4

C:\Program Files (x86)\Microchip\xc8\v1.33\sources\common\memset.c
		_memset        		CODE           	20C6	0000	46

C:\Program Files (x86)\Microchip\xc8\v1.33\sources\common\memset.c estimated size: 46

lobmain.c
		_lob_play      		CODE           	141AA	0000	5034
		_lob_sleep     		CODE           	2550	0000	2
		_build_curshot 		CODE           	1DCA0	0000	390
		_set_serve     		CODE           	1E49A	0000	350
		_serve_method  		CODE           	1EE1C	0000	174
		_check_limits  		CODE           	1F676	0000	240
		_lobmain       		CODE           	1B3E8	0000	1196
		_lob_idle      		CODE           	1CAE4	0000	528
		_lob_abort     		CODE           	155C	0000	90
		_lob_manual    		CODE           	1DE4E	0000	366
		_lob_test      		CODE           	1A4DA	0000	1130
		_limit_method  		CODE           	1754	0000	74

lobmain.c estimated size: 9574

C:\Program Files (x86)\Microchip\xc8\v1.33\sources\pic18\plib\SPI\spi1read.c
		_ReadSPI1      		CODE           	24F6	0000	14

C:\Program Files (x86)\Microchip\xc8\v1.33\sources\pic18\plib\SPI\spi1read.c estimated size: 14

C:\Program Files (x86)\Microchip\xc8\v1.33\sources\pic18\plib\PWM\pw5setdc.c
		_SetDCPWM5     		CODE           	1DDE	0000	58

C:\Program Files (x86)\Microchip\xc8\v1.33\sources\pic18\plib\PWM\pw5setdc.c estimated size: 58

C:\Program Files (x86)\Microchip\xc8\v1.33\sources\pic18\plib\USART\u1read.c
		_Read1USART    		CODE           	24BA	0000	16

C:\Program Files (x86)\Microchip\xc8\v1.33\sources\pic18\plib\USART\u1read.c estimated size: 16

C:\Program Files (x86)\Microchip\xc8\v1.33\sources\common\strncpy.c
		_strncpy       		CODE           	13E6	0000	96

C:\Program Files (x86)\Microchip\xc8\v1.33\sources\common\strncpy.c estimated size: 96

C:\Program Files (x86)\Microchip\xc8\v1.33\sources\pic18\plib\CCP\cp2close.c
		_CloseCapture2 		CODE           	252C	0000	6

C:\Program Files (x86)\Microchip\xc8\v1.33\sources\pic18\plib\CCP\cp2close.c estimated size: 6

../xlcd/openxlcd.c
		_OpenXLCD      		CODE           	090A	0000	146

../xlcd/openxlcd.c estimated size: 146

../xlcd/wcmdxlcd.c
		_WriteCmdXLCD  		CODE           	2226	0000	34

../xlcd/wcmdxlcd.c estimated size: 34

C:\Program Files (x86)\Microchip\xc8\v1.33\sources\pic18\plib\PWM\pw5open.c
		_OpenPWM5      		CODE           	226A	0000	34

C:\Program Files (x86)\Microchip\xc8\v1.33\sources\pic18\plib\PWM\pw5open.c estimated size: 34

C:\Program Files (x86)\Microchip\xc8\v1.33\sources\pic18\plib\CCP\cp2read.c
		_ReadCapture2  		CODE           	2492	0000	20

C:\Program Files (x86)\Microchip\xc8\v1.33\sources\pic18\plib\CCP\cp2read.c estimated size: 20

diag.c
		_dumphex       		CODE           	1258	0000	84
		_atoh          		CODE           	1F574	0000	258
		_dumplong      		CODE           	1EB94	0000	278
		_dumpaddr      		CODE           	0274	0000	150
		_dumpshort     		CODE           	1FD04	0000	162
		_putrsDIAG     		CODE           	16BA	0000	78

diag.c estimated size: 1010

C:\Program Files (x86)\Microchip\xc8\v1.33\sources\common\lbdiv.c
		___lbdiv       		CODE           	1EFE	0000	54

C:\Program Files (x86)\Microchip\xc8\v1.33\sources\common\lbdiv.c estimated size: 54

